CCS PCH C Compiler, Version 5.076, 56587               15-ago.-22 21:10

               Filename:   C:\Users\La Economia\Documents\proyecto\ProyectoMaquinas\ProyectoMaquinasDigitales\main.lst

               ROM used:   2398 bytes (7%)
                           Largest free fragment is 30366
               RAM used:   47 (2%) at main() level
                           77 (4%) worst case
               Stack used: 13 locations (6 in main + 7 for interrupts)
               Stack size: 31

*
0000:  GOTO   07D6
*
0008:  MOVWF  04
000A:  MOVFF  FD8,05
000E:  MOVFF  FE0,06
0012:  MOVLB  0
0014:  MOVFF  FE9,0C
0018:  MOVFF  FEA,07
001C:  MOVFF  FE1,08
0020:  MOVFF  FE2,09
0024:  MOVFF  FD9,0A
0028:  MOVFF  FDA,0B
002C:  MOVFF  FF3,12
0030:  MOVFF  FF4,13
0034:  MOVFF  FFA,14
0038:  MOVFF  FF5,15
003C:  MOVFF  FF6,16
0040:  MOVFF  FF7,17
0044:  MOVFF  00,0E
0048:  MOVFF  01,0F
004C:  MOVFF  02,10
0050:  MOVFF  03,11
0054:  BTFSS  FF2.5
0056:  GOTO   0060
005A:  BTFSC  FF2.2
005C:  GOTO   033E
0060:  BTFSS  FF2.4
0062:  GOTO   006C
0066:  BTFSC  FF2.1
0068:  GOTO   03B0
006C:  MOVFF  0E,00
0070:  MOVFF  0F,01
0074:  MOVFF  10,02
0078:  MOVFF  11,03
007C:  MOVFF  0C,FE9
0080:  MOVFF  07,FEA
0084:  BSF    07.7
0086:  MOVFF  08,FE1
008A:  MOVFF  09,FE2
008E:  MOVFF  0A,FD9
0092:  MOVFF  0B,FDA
0096:  MOVFF  12,FF3
009A:  MOVFF  13,FF4
009E:  MOVFF  14,FFA
00A2:  MOVFF  15,FF5
00A6:  MOVFF  16,FF6
00AA:  MOVFF  17,FF7
00AE:  MOVF   04,W
00B0:  MOVFF  06,FE0
00B4:  MOVFF  05,FD8
00B8:  RETFIE 0
.................... #include <main.h> 
.................... #include <18F4550.h> 
.................... //////////// Standard Header file for the PIC18F4550 device //////////////// 
.................... /////////////////////////////////////////////////////////////////////////// 
.................... ////        (C) Copyright 1996, 2014 Custom Computer Services          //// 
.................... //// This source code may only be used by licensed users of the CCS C  //// 
.................... //// compiler.  This source code may only be distributed to other      //// 
.................... //// licensed users of the CCS C compiler.  No other use, reproduction //// 
.................... //// or distribution is permitted without written permission.          //// 
.................... //// Derivative programs created using this software in object code    //// 
.................... //// form are not restricted in any way.                               //// 
.................... /////////////////////////////////////////////////////////////////////////// 
.................... #device PIC18F4550 
*
021A:  MOVF   42,W
021C:  CLRF   01
021E:  SUBWF  41,W
0220:  BC    0228
0222:  MOVFF  41,00
0226:  BRA    0240
0228:  CLRF   00
022A:  MOVLW  08
022C:  MOVWF  43
022E:  RLCF   41,F
0230:  RLCF   00,F
0232:  MOVF   42,W
0234:  SUBWF  00,W
0236:  BTFSC  FD8.0
0238:  MOVWF  00
023A:  RLCF   01,F
023C:  DECFSZ 43,F
023E:  BRA    022E
0240:  RETURN 0
*
02BA:  MOVF   01,W
02BC:  MOVFF  3F,41
02C0:  MOVLW  64
02C2:  MOVWF  42
02C4:  RCALL  021A
02C6:  MOVFF  00,3F
02CA:  MOVF   01,W
02CC:  MOVLW  30
02CE:  BNZ   02DE
02D0:  BTFSS  40.1
02D2:  BRA    02EC
02D4:  BTFSC  40.3
02D6:  BRA    02EC
02D8:  BTFSC  40.4
02DA:  MOVLW  20
02DC:  BRA    02E4
02DE:  BCF    40.3
02E0:  BCF    40.4
02E2:  BSF    40.0
02E4:  ADDWF  01,F
02E6:  MOVFF  01,42
02EA:  RCALL  026A
02EC:  MOVFF  3F,41
02F0:  MOVLW  0A
02F2:  MOVWF  42
02F4:  RCALL  021A
02F6:  MOVFF  00,3F
02FA:  MOVF   01,W
02FC:  MOVLW  30
02FE:  BNZ   030C
0300:  BTFSC  40.3
0302:  BRA    0314
0304:  BTFSS  40.0
0306:  BRA    0314
0308:  BTFSC  40.4
030A:  MOVLW  20
030C:  ADDWF  01,F
030E:  MOVFF  01,42
0312:  RCALL  026A
0314:  MOVLW  30
0316:  ADDWF  3F,F
0318:  MOVFF  3F,42
031C:  RCALL  026A
031E:  RETURN 0
0320:  TBLRD*+
0322:  MOVFF  FF6,40
0326:  MOVFF  FF7,41
032A:  MOVFF  FF5,42
032E:  RCALL  026A
0330:  MOVFF  40,FF6
0334:  MOVFF  41,FF7
0338:  DECFSZ 3F,F
033A:  BRA    0320
033C:  RETURN 0
*
0386:  DATA 25,32
0388:  DATA 75,20
038A:  DATA 3A,20
038C:  DATA 25,32
038E:  DATA 75,00
0390:  TBLRD*+
0392:  MOVF   FF5,F
0394:  BZ    03AE
0396:  MOVFF  FF6,3F
039A:  MOVFF  FF7,40
039E:  MOVFF  FF5,42
03A2:  RCALL  026A
03A4:  MOVFF  3F,FF6
03A8:  MOVFF  40,FF7
03AC:  BRA    0390
03AE:  RETURN 0
*
03D2:  DATA 45,4D
03D4:  DATA 45,52
03D6:  DATA 47,45
03D8:  DATA 4E,43
03DA:  DATA 49,41
03DC:  DATA 00,00
03DE:  DATA 73,75
03E0:  DATA 62,69
03E2:  DATA 65,6E
03E4:  DATA 64,6F
03E6:  DATA 00,00
03E8:  DATA 62,61
03EA:  DATA 6A,61
03EC:  DATA 6E,64
03EE:  DATA 6F,00
03F0:  DATA 50,69
03F2:  DATA 73,6F
03F4:  DATA 20,25
03F6:  DATA 69,00
03F8:  DATA 50,69
03FA:  DATA 73,6F
03FC:  DATA 20,25
03FE:  DATA 69,00
0400:  DATA 50,69
0402:  DATA 73,6F
0404:  DATA 20,25
0406:  DATA 69,00
*
04CC:  MOVLW  20
04CE:  BTFSS  2F.4
04D0:  MOVLW  30
04D2:  MOVWF  30
04D4:  MOVFF  2E,00
04D8:  BTFSS  2E.7
04DA:  BRA    04EC
04DC:  COMF   00,F
04DE:  INCF   00,F
04E0:  MOVFF  00,2E
04E4:  MOVLW  2D
04E6:  MOVWF  30
04E8:  BSF    2F.7
04EA:  BSF    2F.0
04EC:  MOVF   01,W
04EE:  CLRF   19
04F0:  BTFSC  FF2.7
04F2:  BSF    19.7
04F4:  BCF    FF2.7
04F6:  MOVFF  2E,41
04FA:  MOVLW  64
04FC:  MOVWF  42
04FE:  RCALL  021A
0500:  BTFSC  19.7
0502:  BSF    FF2.7
0504:  MOVFF  00,2E
0508:  MOVLW  30
050A:  ADDWF  01,W
050C:  MOVWF  31
050E:  CLRF   19
0510:  BTFSC  FF2.7
0512:  BSF    19.7
0514:  BCF    FF2.7
0516:  MOVFF  2E,41
051A:  MOVLW  0A
051C:  MOVWF  42
051E:  RCALL  021A
0520:  BTFSC  19.7
0522:  BSF    FF2.7
0524:  MOVLW  30
0526:  ADDWF  00,W
0528:  MOVWF  33
052A:  MOVLW  30
052C:  ADDWF  01,W
052E:  MOVWF  32
0530:  MOVFF  30,00
0534:  MOVLW  30
0536:  SUBWF  31,W
0538:  BZ    0542
053A:  BSF    2F.1
053C:  BTFSC  2F.7
053E:  BSF    2F.2
0540:  BRA    0566
0542:  MOVFF  30,31
0546:  MOVLW  20
0548:  MOVWF  30
054A:  MOVLW  30
054C:  SUBWF  32,W
054E:  BZ    0558
0550:  BSF    2F.0
0552:  BTFSC  2F.7
0554:  BSF    2F.1
0556:  BRA    0566
0558:  BTFSS  FD8.2
055A:  BSF    2F.0
055C:  BNZ   0566
055E:  MOVFF  31,32
0562:  MOVLW  20
0564:  MOVWF  31
0566:  BTFSC  2F.2
0568:  BRA    0574
056A:  BTFSC  2F.1
056C:  BRA    0586
056E:  BTFSC  2F.0
0570:  BRA    0598
0572:  BRA    05AA
0574:  CLRF   19
0576:  BTFSC  FF2.7
0578:  BSF    19.7
057A:  BCF    FF2.7
057C:  MOVFF  30,42
0580:  RCALL  026A
0582:  BTFSC  19.7
0584:  BSF    FF2.7
0586:  CLRF   19
0588:  BTFSC  FF2.7
058A:  BSF    19.7
058C:  BCF    FF2.7
058E:  MOVFF  31,42
0592:  RCALL  026A
0594:  BTFSC  19.7
0596:  BSF    FF2.7
0598:  CLRF   19
059A:  BTFSC  FF2.7
059C:  BSF    19.7
059E:  BCF    FF2.7
05A0:  MOVFF  32,42
05A4:  RCALL  026A
05A6:  BTFSC  19.7
05A8:  BSF    FF2.7
05AA:  CLRF   19
05AC:  BTFSC  FF2.7
05AE:  BSF    19.7
05B0:  BCF    FF2.7
05B2:  MOVFF  33,42
05B6:  RCALL  026A
05B8:  BTFSC  19.7
05BA:  BSF    FF2.7
05BC:  RETURN 0
05BE:  CLRF   37
05C0:  CLRF   38
05C2:  MOVLW  01
05C4:  MOVWF  39
05C6:  CLRF   FDA
05C8:  CLRF   FD9
05CA:  CLRF   3C
05CC:  MOVLW  2F
05CE:  MOVWF  3B
05D0:  CLRF   FEA
05D2:  MOVLW  33
05D4:  MOVWF  FE9
05D6:  MOVFF  3C,FE2
05DA:  MOVFF  3B,FE1
05DE:  MOVFF  39,3A
05E2:  BCF    FD8.0
05E4:  MOVF   FE5,W
05E6:  MULWF  FEE
05E8:  MOVF   FF3,W
05EA:  ADDWFC 37,F
05EC:  MOVF   FF4,W
05EE:  ADDWFC 38,F
05F0:  DECFSZ 3A,F
05F2:  BRA    05E2
05F4:  MOVFF  37,FDE
05F8:  MOVFF  38,37
05FC:  CLRF   38
05FE:  BTFSC  FD8.0
0600:  INCF   38,F
0602:  INCF   3B,F
0604:  BTFSC  FD8.2
0606:  INCF   3C,F
0608:  INCF   39,F
060A:  MOVF   39,W
060C:  SUBLW  05
060E:  BNZ   05D0
0610:  RETURN 0
....................  
.................... #list 
....................  
.................... #device ADC=10 
....................  
.................... #FUSES NOWDT                 	//No Watch Dog Timer 
....................  
.................... #use delay(internal=4MHz) 
....................  
....................  
.................... #include <18F4550.h> 
.................... //////////// Standard Header file for the PIC18F4550 device //////////////// 
.................... /////////////////////////////////////////////////////////////////////////// 
.................... ////        (C) Copyright 1996, 2014 Custom Computer Services          //// 
.................... //// This source code may only be used by licensed users of the CCS C  //// 
.................... //// compiler.  This source code may only be distributed to other      //// 
.................... //// licensed users of the CCS C compiler.  No other use, reproduction //// 
.................... //// or distribution is permitted without written permission.          //// 
.................... //// Derivative programs created using this software in object code    //// 
.................... //// form are not restricted in any way.                               //// 
.................... /////////////////////////////////////////////////////////////////////////// 
.................... #device PIC18F4550 
....................  
.................... #list 
....................  
.................... #Fuses xt,nowdt,noprotect,cpudiv1 
.................... #Use Delay (Clock= 4 MHz) 
*
0242:  CLRF   FEA
0244:  MOVLW  43
0246:  MOVWF  FE9
0248:  MOVF   FEF,W
024A:  BZ    0268
024C:  MOVLW  01
024E:  MOVWF  01
0250:  CLRF   00
0252:  DECFSZ 00,F
0254:  BRA    0252
0256:  DECFSZ 01,F
0258:  BRA    0250
025A:  MOVLW  4A
025C:  MOVWF  00
025E:  DECFSZ 00,F
0260:  BRA    025E
0262:  BRA    0264
0264:  DECFSZ FEF,F
0266:  BRA    024C
0268:  RETURN 0
.................... #define LCD_ENABLE_PIN PIN_D2 
.................... #define LCD_RS_PIN PIN_D0 
.................... #define LCD_RW_PIN PIN_D1 
.................... #define LCD_DATA4 PIN_D4 
.................... #define LCD_DATA5 PIN_D5 
.................... #define LCD_DATA6 PIN_D6 
.................... #define LCD_DATA7 PIN_D7 
.................... #include <lcd.c> 
.................... /////////////////////////////////////////////////////////////////////////////// 
.................... ////                             LCD.C                                     //// 
.................... ////                 Driver for common LCD modules                         //// 
.................... ////                                                                       //// 
.................... ////  lcd_init()   Must be called before any other function.               //// 
.................... ////                                                                       //// 
.................... ////  lcd_putc(c)  Will display c on the next position of the LCD.         //// 
.................... ////                 \a  Set cursor position to upper left                 //// 
.................... ////                 \f  Clear display, set cursor to upper left           //// 
.................... ////                 \n  Go to start of second line                        //// 
.................... ////                 \b  Move back one position                            //// 
.................... ////              If LCD_EXTENDED_NEWLINE is defined, the \n character     //// 
.................... ////              will erase all remanining characters on the current      //// 
.................... ////              line, and move the cursor to the beginning of the next   //// 
.................... ////              line.                                                    //// 
.................... ////              If LCD_EXTENDED_NEWLINE is defined, the \r character     //// 
.................... ////              will move the cursor to the start of the current         //// 
.................... ////              line.                                                    //// 
.................... ////                                                                       //// 
.................... ////  lcd_gotoxy(x,y) Set write position on LCD (upper left is 1,1)        //// 
.................... ////                                                                       //// 
.................... ////  lcd_getc(x,y)   Returns character at position x,y on LCD             //// 
.................... ////                                                                       //// 
.................... ////  lcd_cursor_on(int1 on)   Turn the cursor on (on=TRUE) or off         //// 
.................... ////              (on=FALSE).                                              //// 
.................... ////                                                                       //// 
.................... ////  lcd_set_cgram_char(w, *p)   Write a custom character to the CGRAM.   //// 
.................... ////                                                                       //// 
.................... ////                                                                       //// 
.................... ////  CONFIGURATION                                                        //// 
.................... ////  The LCD can be configured in one of two ways: a.) port access or     //// 
.................... ////  b.) pin access.  Port access requires the entire 7 bit interface     //// 
.................... ////  connected to one GPIO port, and the data bits (D4:D7 of the LCD)     //// 
.................... ////  connected to sequential pins on the GPIO.  Pin access                //// 
.................... ////  has no requirements, all 7 bits of the control interface can         //// 
.................... ////  can be connected to any GPIO using several ports.                    //// 
.................... ////                                                                       //// 
.................... ////  To use port access, #define LCD_DATA_PORT to the SFR location of     //// 
.................... ////  of the GPIO port that holds the interface, -AND- edit LCD_PIN_MAP    //// 
.................... ////  of this file to configure the pin order.  If you are using a         //// 
.................... ////  baseline PIC (PCB), then LCD_OUTPUT_MAP and LCD_INPUT_MAP also must  //// 
.................... ////  be defined.                                                          //// 
.................... ////                                                                       //// 
.................... ////  Example of port access:                                              //// 
.................... ////     #define LCD_DATA_PORT getenv("SFR:PORTD")                         //// 
.................... ////                                                                       //// 
.................... ////  To use pin access, the following pins must be defined:               //// 
.................... ////     LCD_ENABLE_PIN                                                    //// 
.................... ////     LCD_RS_PIN                                                        //// 
.................... ////     LCD_RW_PIN                                                        //// 
.................... ////     LCD_DATA4                                                         //// 
.................... ////     LCD_DATA5                                                         //// 
.................... ////     LCD_DATA6                                                         //// 
.................... ////     LCD_DATA7                                                         //// 
.................... ////                                                                       //// 
.................... ////  Example of pin access:                                               //// 
.................... ////     #define LCD_ENABLE_PIN  PIN_E0                                    //// 
.................... ////     #define LCD_RS_PIN      PIN_E1                                    //// 
.................... ////     #define LCD_RW_PIN      PIN_E2                                    //// 
.................... ////     #define LCD_DATA4       PIN_D4                                    //// 
.................... ////     #define LCD_DATA5       PIN_D5                                    //// 
.................... ////     #define LCD_DATA6       PIN_D6                                    //// 
.................... ////     #define LCD_DATA7       PIN_D7                                    //// 
.................... ////                                                                       //// 
.................... /////////////////////////////////////////////////////////////////////////////// 
.................... ////        (C) Copyright 1996,2010 Custom Computer Services           //// 
.................... //// This source code may only be used by licensed users of the CCS C  //// 
.................... //// compiler.  This source code may only be distributed to other      //// 
.................... //// licensed users of the CCS C compiler.  No other use, reproduction //// 
.................... //// or distribution is permitted without written permission.          //// 
.................... //// Derivative programs created using this software in object code    //// 
.................... //// form are not restricted in any way.                               //// 
.................... /////////////////////////////////////////////////////////////////////////// 
....................  
.................... #ifndef __LCD_C__ 
.................... #define __LCD_C__ 
....................  
.................... // define the pinout. 
.................... // only required if port access is being used. 
.................... typedef struct   
.................... {                            // This structure is overlayed 
....................    int1 enable;           // on to an I/O port to gain 
....................    int1 rs;               // access to the LCD pins. 
....................    int1 rw;               // The bits are allocated from 
....................    int1 unused;           // low order up.  ENABLE will 
....................    unsigned int     data : 4;         // be LSB pin of that port. 
....................   #if defined(__PCD__)       // The port used will be LCD_DATA_PORT. 
....................    unsigned int    reserved: 8; 
....................   #endif 
.................... } LCD_PIN_MAP; 
....................  
.................... // this is to improve compatability with previous LCD drivers that accepted 
.................... // a define labeled 'use_portb_lcd' that configured the LCD onto port B. 
.................... #if ((defined(use_portb_lcd)) && (use_portb_lcd==TRUE)) 
....................  #define LCD_DATA_PORT getenv("SFR:PORTB") 
.................... #endif 
....................  
.................... #if defined(__PCB__) 
....................    // these definitions only need to be modified for baseline PICs. 
....................    // all other PICs use LCD_PIN_MAP or individual LCD_xxx pin definitions. 
.................... /*                                    EN, RS,   RW,   UNUSED,  DATA  */ 
....................  const LCD_PIN_MAP LCD_OUTPUT_MAP =  {0,  0,    0,    0,       0}; 
....................  const LCD_PIN_MAP LCD_INPUT_MAP =   {0,  0,    0,    0,       0xF}; 
.................... #endif 
....................  
.................... ////////////////////// END CONFIGURATION /////////////////////////////////// 
....................  
.................... #ifndef LCD_ENABLE_PIN 
....................    #define lcd_output_enable(x) lcdlat.enable=x 
....................    #define lcd_enable_tris()   lcdtris.enable=0 
.................... #else 
....................    #define lcd_output_enable(x) output_bit(LCD_ENABLE_PIN, x) 
....................    #define lcd_enable_tris()  output_drive(LCD_ENABLE_PIN) 
.................... #endif 
....................  
.................... #ifndef LCD_RS_PIN 
....................    #define lcd_output_rs(x) lcdlat.rs=x 
....................    #define lcd_rs_tris()   lcdtris.rs=0 
.................... #else 
....................    #define lcd_output_rs(x) output_bit(LCD_RS_PIN, x) 
....................    #define lcd_rs_tris()  output_drive(LCD_RS_PIN) 
.................... #endif 
....................  
.................... #ifndef LCD_RW_PIN 
....................    #define lcd_output_rw(x) lcdlat.rw=x 
....................    #define lcd_rw_tris()   lcdtris.rw=0 
.................... #else 
....................    #define lcd_output_rw(x) output_bit(LCD_RW_PIN, x) 
....................    #define lcd_rw_tris()  output_drive(LCD_RW_PIN) 
.................... #endif 
....................  
.................... // original version of this library incorrectly labeled LCD_DATA0 as LCD_DATA4, 
.................... // LCD_DATA1 as LCD_DATA5, and so on.  this block of code makes the driver 
.................... // compatible with any code written for the original library 
.................... #if (defined(LCD_DATA0) && defined(LCD_DATA1) && defined(LCD_DATA2) && defined(LCD_DATA3) && !defined(LCD_DATA4) && !defined(LCD_DATA5) && !defined(LCD_DATA6) && !defined(LCD_DATA7)) 
....................    #define  LCD_DATA4    LCD_DATA0 
....................    #define  LCD_DATA5    LCD_DATA1 
....................    #define  LCD_DATA6    LCD_DATA2 
....................    #define  LCD_DATA7    LCD_DATA3 
.................... #endif 
....................  
.................... #ifndef LCD_DATA4 
.................... #ifndef LCD_DATA_PORT 
....................    #if defined(__PCB__) 
....................       #define LCD_DATA_PORT      0x06     //portb 
....................       #define set_tris_lcd(x)   set_tris_b(x) 
....................    #else 
....................      #if defined(PIN_D0) 
....................       #define LCD_DATA_PORT      getenv("SFR:PORTD")     //portd 
....................      #else 
....................       #define LCD_DATA_PORT      getenv("SFR:PORTB")     //portb 
....................      #endif 
....................    #endif    
.................... #endif 
....................  
.................... #if defined(__PCB__) 
....................    LCD_PIN_MAP lcd, lcdlat; 
....................    #byte lcd = LCD_DATA_PORT 
....................    #byte lcdlat = LCD_DATA_PORT 
.................... #elif defined(__PCM__) 
....................    LCD_PIN_MAP lcd, lcdlat, lcdtris; 
....................    #byte lcd = LCD_DATA_PORT 
....................    #byte lcdlat = LCD_DATA_PORT 
....................    #byte lcdtris = LCD_DATA_PORT+0x80 
.................... #elif defined(__PCH__) 
....................    LCD_PIN_MAP lcd, lcdlat, lcdtris; 
....................    #byte lcd = LCD_DATA_PORT 
....................    #byte lcdlat = LCD_DATA_PORT+9 
....................    #byte lcdtris = LCD_DATA_PORT+0x12 
.................... #elif defined(__PCD__) 
....................    LCD_PIN_MAP lcd, lcdlat, lcdtris; 
....................    #word lcd = LCD_DATA_PORT 
....................    #word lcdlat = LCD_DATA_PORT+2 
....................    #word lcdtris = LCD_DATA_PORT-0x02 
.................... #endif 
.................... #endif   //LCD_DATA4 not defined 
....................  
.................... #ifndef LCD_TYPE 
....................    #define LCD_TYPE 2           // 0=5x7, 1=5x10, 2=2 lines 
.................... #endif 
....................  
.................... #ifndef LCD_LINE_TWO 
....................    #define LCD_LINE_TWO 0x40    // LCD RAM address for the second line 
.................... #endif 
....................  
.................... #ifndef LCD_LINE_LENGTH 
....................    #define LCD_LINE_LENGTH 20 
.................... #endif 
....................  
.................... unsigned int8 lcd_read_nibble(void); 
....................  
.................... unsigned int8 lcd_read_byte(void) 
.................... { 
....................    unsigned int8 low,high; 
....................  
....................  #if defined(__PCB__) 
....................    set_tris_lcd(LCD_INPUT_MAP); 
....................  #else 
....................   #if (defined(LCD_DATA4) && defined(LCD_DATA5) && defined(LCD_DATA6) && defined(LCD_DATA7)) 
....................    output_float(LCD_DATA4); 
*
012C:  BSF    F95.4
....................    output_float(LCD_DATA5); 
012E:  BSF    F95.5
....................    output_float(LCD_DATA6); 
0130:  BSF    F95.6
....................    output_float(LCD_DATA7); 
0132:  BSF    F95.7
....................   #else 
....................    lcdtris.data = 0xF; 
....................   #endif 
....................  #endif 
....................          
....................    lcd_output_rw(1); 
0134:  BSF    F8C.1
0136:  BCF    F95.1
....................    delay_cycles(1); 
0138:  NOP   
....................    lcd_output_enable(1); 
013A:  BSF    F8C.2
013C:  BCF    F95.2
....................    delay_cycles(1); 
013E:  NOP   
....................    high = lcd_read_nibble(); 
0140:  RCALL  00DA
0142:  MOVFF  01,4A
....................        
....................    lcd_output_enable(0); 
0146:  BCF    F8C.2
0148:  BCF    F95.2
....................    delay_cycles(1); 
014A:  NOP   
....................    lcd_output_enable(1); 
014C:  BSF    F8C.2
014E:  BCF    F95.2
....................    delay_us(1); 
0150:  NOP   
....................    low = lcd_read_nibble(); 
0152:  RCALL  00DA
0154:  MOVFF  01,49
....................        
....................    lcd_output_enable(0); 
0158:  BCF    F8C.2
015A:  BCF    F95.2
....................  
....................  #if defined(__PCB__) 
....................    set_tris_lcd(LCD_OUTPUT_MAP); 
....................  #else 
....................   #if (defined(LCD_DATA4) && defined(LCD_DATA5) && defined(LCD_DATA6) && defined(LCD_DATA7)) 
....................    output_drive(LCD_DATA4); 
015C:  BCF    F95.4
....................    output_drive(LCD_DATA5); 
015E:  BCF    F95.5
....................    output_drive(LCD_DATA6); 
0160:  BCF    F95.6
....................    output_drive(LCD_DATA7); 
0162:  BCF    F95.7
....................   #else 
....................    lcdtris.data = 0x0; 
....................   #endif 
....................  #endif 
....................  
....................    return( (high<<4) | low); 
0164:  SWAPF  4A,W
0166:  MOVWF  00
0168:  MOVLW  F0
016A:  ANDWF  00,F
016C:  MOVF   00,W
016E:  IORWF  49,W
0170:  MOVWF  01
0172:  RETURN 0
.................... } 
....................  
.................... unsigned int8 lcd_read_nibble(void) 
.................... { 
....................   #if (defined(LCD_DATA4) && defined(LCD_DATA5) && defined(LCD_DATA6) && defined(LCD_DATA7)) 
*
00DA:  CLRF   4B
....................    unsigned int8 n = 0x00; 
....................  
....................    /* Read the data port */ 
....................    n |= input(LCD_DATA4); 
00DC:  BSF    F95.4
00DE:  MOVLW  00
00E0:  BTFSC  F83.4
00E2:  MOVLW  01
00E4:  IORWF  4B,F
....................    n |= input(LCD_DATA5) << 1; 
00E6:  BSF    F95.5
00E8:  MOVLW  00
00EA:  BTFSC  F83.5
00EC:  MOVLW  01
00EE:  MOVWF  00
00F0:  BCF    FD8.0
00F2:  RLCF   00,F
00F4:  MOVF   00,W
00F6:  IORWF  4B,F
....................    n |= input(LCD_DATA6) << 2; 
00F8:  BSF    F95.6
00FA:  MOVLW  00
00FC:  BTFSC  F83.6
00FE:  MOVLW  01
0100:  MOVWF  00
0102:  RLCF   00,F
0104:  RLCF   00,F
0106:  MOVLW  FC
0108:  ANDWF  00,F
010A:  MOVF   00,W
010C:  IORWF  4B,F
....................    n |= input(LCD_DATA7) << 3; 
010E:  BSF    F95.7
0110:  MOVLW  00
0112:  BTFSC  F83.7
0114:  MOVLW  01
0116:  MOVWF  00
0118:  RLCF   00,F
011A:  RLCF   00,F
011C:  RLCF   00,F
011E:  MOVLW  F8
0120:  ANDWF  00,F
0122:  MOVF   00,W
0124:  IORWF  4B,F
....................     
....................    return(n); 
0126:  MOVFF  4B,01
....................   #else 
012A:  RETURN 0
....................    return(lcd.data); 
....................   #endif 
.................... } 
....................  
.................... void lcd_send_nibble(unsigned int8 n) 
.................... { 
....................   #if (defined(LCD_DATA4) && defined(LCD_DATA5) && defined(LCD_DATA6) && defined(LCD_DATA7)) 
....................    /* Write to the data port */ 
....................    output_bit(LCD_DATA4, bit_test(n, 0)); 
*
0174:  BTFSC  4A.0
0176:  BRA    017C
0178:  BCF    F8C.4
017A:  BRA    017E
017C:  BSF    F8C.4
017E:  BCF    F95.4
....................    output_bit(LCD_DATA5, bit_test(n, 1)); 
0180:  BTFSC  4A.1
0182:  BRA    0188
0184:  BCF    F8C.5
0186:  BRA    018A
0188:  BSF    F8C.5
018A:  BCF    F95.5
....................    output_bit(LCD_DATA6, bit_test(n, 2)); 
018C:  BTFSC  4A.2
018E:  BRA    0194
0190:  BCF    F8C.6
0192:  BRA    0196
0194:  BSF    F8C.6
0196:  BCF    F95.6
....................    output_bit(LCD_DATA7, bit_test(n, 3)); 
0198:  BTFSC  4A.3
019A:  BRA    01A0
019C:  BCF    F8C.7
019E:  BRA    01A2
01A0:  BSF    F8C.7
01A2:  BCF    F95.7
....................   #else       
....................    lcdlat.data = n; 
....................   #endif 
....................        
....................    delay_cycles(1); 
01A4:  NOP   
....................    lcd_output_enable(1); 
01A6:  BSF    F8C.2
01A8:  BCF    F95.2
....................    delay_us(2); 
01AA:  BRA    01AC
....................    lcd_output_enable(0); 
01AC:  BCF    F8C.2
01AE:  BCF    F95.2
01B0:  RETURN 0
.................... } 
....................  
.................... void lcd_send_byte(unsigned int8 address, unsigned int8 n) 
.................... { 
....................   #if defined(__PCB__) 
....................    set_tris_lcd(LCD_OUTPUT_MAP); 
....................   #else 
....................    lcd_enable_tris(); 
01B2:  BCF    F95.2
....................    lcd_rs_tris(); 
01B4:  BCF    F95.0
....................    lcd_rw_tris(); 
01B6:  BCF    F95.1
....................   #endif 
....................  
....................    lcd_output_rs(0); 
01B8:  BCF    F8C.0
01BA:  BCF    F95.0
....................    while ( bit_test(lcd_read_byte(),7) ) ; 
01BC:  RCALL  012C
01BE:  MOVFF  01,49
01C2:  BTFSC  01.7
01C4:  BRA    01BC
....................    lcd_output_rs(address); 
01C6:  MOVF   47,F
01C8:  BNZ   01CE
01CA:  BCF    F8C.0
01CC:  BRA    01D0
01CE:  BSF    F8C.0
01D0:  BCF    F95.0
....................    delay_cycles(1); 
01D2:  NOP   
....................    lcd_output_rw(0); 
01D4:  BCF    F8C.1
01D6:  BCF    F95.1
....................    delay_cycles(1); 
01D8:  NOP   
....................    lcd_output_enable(0); 
01DA:  BCF    F8C.2
01DC:  BCF    F95.2
....................    lcd_send_nibble(n >> 4); 
01DE:  SWAPF  48,W
01E0:  MOVWF  49
01E2:  MOVLW  0F
01E4:  ANDWF  49,F
01E6:  MOVFF  49,4A
01EA:  RCALL  0174
....................    lcd_send_nibble(n & 0xf); 
01EC:  MOVF   48,W
01EE:  ANDLW  0F
01F0:  MOVWF  49
01F2:  MOVWF  4A
01F4:  RCALL  0174
01F6:  RETURN 0
.................... } 
....................  
.................... #if defined(LCD_EXTENDED_NEWLINE) 
.................... unsigned int8 g_LcdX, g_LcdY; 
.................... #endif 
....................  
.................... void lcd_init(void)  
.................... { 
....................    unsigned int8 i; 
....................    unsigned int8 LCD_INIT_STRING[4] = {0x20 | (LCD_TYPE << 2), 0xc, 1, 6}; 
*
0408:  MOVLW  28
040A:  MOVWF  2F
040C:  MOVLW  0C
040E:  MOVWF  30
0410:  MOVLW  01
0412:  MOVWF  31
0414:  MOVLW  06
0416:  MOVWF  32
....................                              // These bytes need to be sent to the LCD 
....................                              // to start it up. 
....................     
....................  
....................    lcd_output_enable(0); 
0418:  BCF    F8C.2
041A:  BCF    F95.2
....................    lcd_output_rs(0); 
041C:  BCF    F8C.0
041E:  BCF    F95.0
....................    lcd_output_rw(0); 
0420:  BCF    F8C.1
0422:  BCF    F95.1
....................  
....................  #if defined(__PCB__) 
....................    set_tris_lcd(LCD_OUTPUT_MAP); 
....................  #else 
....................   #if (defined(LCD_DATA4) && defined(LCD_DATA5) && defined(LCD_DATA6) && defined(LCD_DATA7)) 
....................    output_drive(LCD_DATA4); 
0424:  BCF    F95.4
....................    output_drive(LCD_DATA5); 
0426:  BCF    F95.5
....................    output_drive(LCD_DATA6); 
0428:  BCF    F95.6
....................    output_drive(LCD_DATA7); 
042A:  BCF    F95.7
....................   #else 
....................    lcdtris.data = 0x0; 
....................   #endif 
....................    lcd_enable_tris(); 
042C:  BCF    F95.2
....................    lcd_rs_tris(); 
042E:  BCF    F95.0
....................    lcd_rw_tris(); 
0430:  BCF    F95.1
0432:  CLRF   19
0434:  BTFSC  FF2.7
0436:  BSF    19.7
0438:  BCF    FF2.7
....................  #endif 
....................      
....................    delay_ms(15); 
043A:  MOVLW  0F
043C:  MOVWF  43
043E:  RCALL  0242
0440:  BTFSC  19.7
0442:  BSF    FF2.7
....................    for(i=1;i<=3;++i) 
0444:  MOVLW  01
0446:  MOVWF  2E
0448:  MOVF   2E,W
044A:  SUBLW  03
044C:  BNC   0476
044E:  CLRF   19
0450:  BTFSC  FF2.7
0452:  BSF    19.7
0454:  BCF    FF2.7
....................    { 
....................        lcd_send_nibble(3); 
0456:  MOVLW  03
0458:  MOVWF  4A
045A:  RCALL  0174
045C:  BTFSC  19.7
045E:  BSF    FF2.7
0460:  CLRF   19
0462:  BTFSC  FF2.7
0464:  BSF    19.7
0466:  BCF    FF2.7
....................        delay_ms(5); 
0468:  MOVLW  05
046A:  MOVWF  43
046C:  RCALL  0242
046E:  BTFSC  19.7
0470:  BSF    FF2.7
0472:  INCF   2E,F
0474:  BRA    0448
0476:  CLRF   19
0478:  BTFSC  FF2.7
047A:  BSF    19.7
047C:  BCF    FF2.7
....................    } 
....................     
....................    lcd_send_nibble(2); 
047E:  MOVLW  02
0480:  MOVWF  4A
0482:  RCALL  0174
0484:  BTFSC  19.7
0486:  BSF    FF2.7
0488:  CLRF   19
048A:  BTFSC  FF2.7
048C:  BSF    19.7
048E:  BCF    FF2.7
....................    delay_ms(5); 
0490:  MOVLW  05
0492:  MOVWF  43
0494:  RCALL  0242
0496:  BTFSC  19.7
0498:  BSF    FF2.7
....................    for(i=0;i<=3;++i) 
049A:  CLRF   2E
049C:  MOVF   2E,W
049E:  SUBLW  03
04A0:  BNC   04C8
....................       lcd_send_byte(0,LCD_INIT_STRING[i]); 
04A2:  CLRF   03
04A4:  MOVF   2E,W
04A6:  ADDLW  2F
04A8:  MOVWF  FE9
04AA:  MOVLW  00
04AC:  ADDWFC 03,W
04AE:  MOVWF  FEA
04B0:  MOVFF  FEF,48
04B4:  CLRF   19
04B6:  BTFSC  FF2.7
04B8:  BSF    19.7
04BA:  BCF    FF2.7
04BC:  CLRF   47
04BE:  RCALL  01B2
04C0:  BTFSC  19.7
04C2:  BSF    FF2.7
....................  
....................   #if defined(LCD_EXTENDED_NEWLINE) 
04C4:  INCF   2E,F
04C6:  BRA    049C
04C8:  GOTO   0834 (RETURN)
....................    g_LcdX = 0; 
....................    g_LcdY = 0; 
....................   #endif 
.................... } 
....................  
.................... void lcd_gotoxy(unsigned int8 x, unsigned int8 y) 
.................... { 
....................    unsigned int8 address; 
....................     
....................    if(y!=1) 
*
01F8:  DECFSZ 44,W
01FA:  BRA    01FE
01FC:  BRA    0204
....................       address=LCD_LINE_TWO; 
01FE:  MOVLW  40
0200:  MOVWF  45
0202:  BRA    0206
....................    else 
....................       address=0; 
0204:  CLRF   45
....................       
....................    address+=x-1; 
0206:  MOVLW  01
0208:  SUBWF  43,W
020A:  ADDWF  45,F
....................    lcd_send_byte(0,0x80|address); 
020C:  MOVF   45,W
020E:  IORLW  80
0210:  MOVWF  46
0212:  CLRF   47
0214:  MOVWF  48
0216:  RCALL  01B2
....................  
....................   #if defined(LCD_EXTENDED_NEWLINE) 
0218:  RETURN 0
....................    g_LcdX = x - 1; 
....................    g_LcdY = y - 1; 
....................   #endif 
.................... } 
....................  
.................... void lcd_putc(char c) 
.................... { 
....................    switch (c) 
*
026A:  MOVF   42,W
026C:  XORLW  07
026E:  BZ    027E
0270:  XORLW  0B
0272:  BZ    0288
0274:  XORLW  06
0276:  BZ    0298
0278:  XORLW  02
027A:  BZ    02A4
027C:  BRA    02AE
....................    { 
....................       case '\a'   :  lcd_gotoxy(1,1);     break; 
027E:  MOVLW  01
0280:  MOVWF  43
0282:  MOVWF  44
0284:  RCALL  01F8
0286:  BRA    02B8
....................  
....................       case '\f'   :  lcd_send_byte(0,1); 
0288:  CLRF   47
028A:  MOVLW  01
028C:  MOVWF  48
028E:  RCALL  01B2
....................                      delay_ms(2); 
0290:  MOVLW  02
0292:  MOVWF  43
0294:  RCALL  0242
....................                     #if defined(LCD_EXTENDED_NEWLINE) 
....................                      g_LcdX = 0; 
....................                      g_LcdY = 0; 
....................                     #endif 
....................                      break; 
0296:  BRA    02B8
....................  
....................      #if defined(LCD_EXTENDED_NEWLINE) 
....................       case '\r'   :  lcd_gotoxy(1, g_LcdY+1);   break; 
....................       case '\n'   : 
....................          while (g_LcdX++ < LCD_LINE_LENGTH) 
....................          { 
....................             lcd_send_byte(1, ' '); 
....................          } 
....................          lcd_gotoxy(1, g_LcdY+2); 
....................          break; 
....................      #else 
....................       case '\n'   : lcd_gotoxy(1,2);        break; 
0298:  MOVLW  01
029A:  MOVWF  43
029C:  MOVLW  02
029E:  MOVWF  44
02A0:  RCALL  01F8
02A2:  BRA    02B8
....................      #endif 
....................       
....................       case '\b'   : lcd_send_byte(0,0x10);  break; 
02A4:  CLRF   47
02A6:  MOVLW  10
02A8:  MOVWF  48
02AA:  RCALL  01B2
02AC:  BRA    02B8
....................       
....................      #if defined(LCD_EXTENDED_NEWLINE) 
....................       default     :  
....................          if (g_LcdX < LCD_LINE_LENGTH) 
....................          { 
....................             lcd_send_byte(1, c); 
....................             g_LcdX++; 
....................          } 
....................          break; 
....................      #else 
....................       default     : lcd_send_byte(1,c);     break; 
02AE:  MOVLW  01
02B0:  MOVWF  47
02B2:  MOVFF  42,48
02B6:  RCALL  01B2
....................      #endif 
....................    } 
02B8:  RETURN 0
.................... } 
....................   
.................... char lcd_getc(unsigned int8 x, unsigned int8 y) 
.................... { 
....................    char value; 
....................  
....................    lcd_gotoxy(x,y); 
....................    while ( bit_test(lcd_read_byte(),7) ); // wait until busy flag is low 
....................    lcd_output_rs(1); 
....................    value = lcd_read_byte(); 
....................    lcd_output_rs(0); 
....................     
....................    return(value); 
.................... } 
....................  
.................... // write a custom character to the ram 
.................... // which is 0-7 and specifies which character array we are modifying. 
.................... // ptr points to an array of 8 bytes, where each byte is the next row of 
.................... //    pixels.  only bits 0-4 are used.  the last row is the cursor row, and 
.................... //    usually you will want to leave this byte 0x00. 
.................... void lcd_set_cgram_char(unsigned int8 which, unsigned int8 *ptr) 
.................... { 
....................    unsigned int i; 
....................  
....................    which <<= 3; 
....................    which &= 0x38; 
....................  
....................    lcd_send_byte(0, 0x40 | which);  //set cgram address 
....................  
....................    for(i=0; i<8; i++) 
....................    { 
....................       lcd_send_byte(1, *ptr++); 
....................    } 
....................    
....................    #if defined(LCD_EXTENDED_NEWLINE) 
....................     lcd_gotoxy(g_LcdX+1, g_LcdY+1);  //set ddram address 
....................    #endif 
.................... } 
....................  
.................... void lcd_cursor_on(int1 on) 
.................... { 
....................    if (on) 
....................    { 
....................       lcd_send_byte(0,0x0F);           //turn LCD cursor ON 
....................    } 
....................    else 
....................    { 
....................       lcd_send_byte(0,0x0C);           //turn LCD cursor OFF 
....................    } 
.................... } 
....................  
.................... #endif 
....................  
....................  
.................... int32 t=1000; 
.................... int32 tp=5000; 
.................... int cont=1; 
.................... int16 iterador=0; 
.................... int actual=1; 
.................... int recorrer=0,minutoR=0,segundoR=0; 
.................... int tiempo=0,minuto=0; 
.................... boolean Start=true,Cro=false; 
....................  
.................... void Cronometro(){ 
....................    if(Cro==true){ 
*
00BA:  BTFSS  2B.1
00BC:  BRA    00CA
....................       tiempo++; 
00BE:  INCF   29,F
....................       if (tiempo>60){ 
00C0:  MOVF   29,W
00C2:  SUBLW  3C
00C4:  BC    00C8
....................       minuto++; 
00C6:  INCF   2A,F
....................       } 
....................    }else{ 
00C8:  BRA    00D6
....................       minutoR=minuto+minutoR; 
00CA:  MOVF   2A,W
00CC:  ADDWF  27,F
....................       segundoR=tiempo+segundoR; 
00CE:  MOVF   29,W
00D0:  ADDWF  28,F
....................       tiempo=0; 
00D2:  CLRF   29
....................       minuto=0; 
00D4:  CLRF   2A
....................    } 
00D6:  GOTO   0344 (RETURN)
.................... } 
....................  
.................... #int_timer0 
.................... void timer0(){ 
....................    output_toggle(PIN_E2); 
*
033E:  BCF    F96.2
0340:  BTG    F8D.2
....................    Cronometro(); 
0342:  BRA    00BA
....................    lcd_gotoxy(1,2); 
0344:  MOVLW  01
0346:  MOVWF  43
0348:  MOVLW  02
034A:  MOVWF  44
034C:  RCALL  01F8
....................    printf(lcd_putc,"%2u : %2u",minutoR,segundoR); 
034E:  MOVFF  27,3F
0352:  MOVLW  11
0354:  MOVWF  40
0356:  RCALL  02BA
0358:  MOVLW  89
035A:  MOVWF  FF6
035C:  MOVLW  03
035E:  MOVWF  FF7
0360:  MOVLW  03
0362:  MOVWF  3F
0364:  RCALL  0320
0366:  MOVFF  28,3F
036A:  MOVLW  11
036C:  MOVWF  40
036E:  RCALL  02BA
....................    lcd_gotoxy(1,1); 
0370:  MOVLW  01
0372:  MOVWF  43
0374:  MOVWF  44
0376:  RCALL  01F8
....................    set_timer0(57724); 
0378:  MOVLW  E1
037A:  MOVWF  FD7
037C:  MOVLW  7C
037E:  MOVWF  FD6
.................... } 
....................  
....................  
0380:  BCF    FF2.2
0382:  GOTO   006C
.................... #Int_Ext 
.................... void Emergencia(){ 
....................    lcd_gotoxy(1,1); 
*
03B0:  MOVLW  01
03B2:  MOVWF  43
03B4:  MOVWF  44
03B6:  RCALL  01F8
....................    printf(lcd_putc,"EMERGENCIA"); 
03B8:  MOVLW  D2
03BA:  MOVWF  FF6
03BC:  MOVLW  03
03BE:  MOVWF  FF7
03C0:  RCALL  0390
....................    Start=false; 
03C2:  BCF    2B.0
....................    Output_low(pin_E1); 
03C4:  BCF    F96.1
03C6:  BCF    F8D.1
....................    Output_low(pin_E0); 
03C8:  BCF    F96.0
03CA:  BCF    F8D.0
03CC:  BCF    FF2.1
03CE:  GOTO   006C
.................... } 
.................... void puerta(){ 
....................    Output_low(pin_A1); 
*
06B8:  BCF    F92.1
06BA:  BCF    F89.1
....................    Output_high(pin_A0); 
06BC:  BCF    F92.0
06BE:  BSF    F89.0
....................    delay_ms(tp); 
06C0:  MOVFF  1F,2E
06C4:  INCF   2E,F
06C6:  DECF   2E,F
06C8:  BTFSC  FD8.2
06CA:  BRA    06DE
06CC:  CLRF   19
06CE:  BTFSC  FF2.7
06D0:  BSF    19.7
06D2:  BCF    FF2.7
06D4:  SETF   43
06D6:  RCALL  0242
06D8:  BTFSC  19.7
06DA:  BSF    FF2.7
06DC:  BRA    06C6
06DE:  CLRF   19
06E0:  BTFSC  FF2.7
06E2:  BSF    19.7
06E4:  BCF    FF2.7
06E6:  MOVFF  1E,43
06EA:  RCALL  0242
06EC:  BTFSC  19.7
06EE:  BSF    FF2.7
....................    Output_low(pin_A0); 
06F0:  BCF    F92.0
06F2:  BCF    F89.0
....................    Output_high(pin_A1); 
06F4:  BCF    F92.1
06F6:  BSF    F89.1
....................    delay_ms(tp); 
06F8:  MOVFF  1F,2E
06FC:  INCF   2E,F
06FE:  DECF   2E,F
0700:  BTFSC  FD8.2
0702:  BRA    0716
0704:  CLRF   19
0706:  BTFSC  FF2.7
0708:  BSF    19.7
070A:  BCF    FF2.7
070C:  SETF   43
070E:  RCALL  0242
0710:  BTFSC  19.7
0712:  BSF    FF2.7
0714:  BRA    06FE
0716:  CLRF   19
0718:  BTFSC  FF2.7
071A:  BSF    19.7
071C:  BCF    FF2.7
071E:  MOVFF  1E,43
0722:  RCALL  0242
0724:  BTFSC  19.7
0726:  BSF    FF2.7
....................    Output_low(pin_A1); 
0728:  BCF    F92.1
072A:  BCF    F89.1
....................    Cro=false; 
072C:  BCF    2B.1
072E:  RETURN 0
.................... } 
.................... void der(recorrer){ 
*
0612:  CLRF   19
0614:  BTFSC  FF2.7
0616:  BSF    19.7
0618:  BCF    FF2.7
....................    lcd_gotoxy(9,1); 
061A:  MOVLW  09
061C:  MOVWF  43
061E:  MOVLW  01
0620:  MOVWF  44
0622:  RCALL  01F8
0624:  BTFSC  19.7
0626:  BSF    FF2.7
....................    printf(lcd_putc,"subiendo"); 
0628:  MOVLW  DE
062A:  MOVWF  FF6
062C:  MOVLW  03
062E:  MOVWF  FF7
0630:  CLRF   19
0632:  BTFSC  FF2.7
0634:  BSF    19.7
0636:  BCF    FF2.7
0638:  RCALL  0390
063A:  BTFSC  19.7
063C:  BSF    FF2.7
....................    output_high(pin_E0); 
063E:  BCF    F96.0
0640:  BSF    F8D.0
....................    delay_ms(recorrer*t); 
0642:  CLRF   32
0644:  CLRF   31
0646:  CLRF   30
0648:  MOVFF  2E,2F
064C:  MOVFF  1D,36
0650:  MOVFF  1C,35
0654:  MOVFF  1B,34
0658:  MOVFF  1A,33
065C:  RCALL  05BE
065E:  MOVFF  03,32
0662:  MOVFF  02,31
0666:  MOVFF  01,30
066A:  MOVFF  00,2F
066E:  MOVFF  01,33
0672:  INCF   33,F
0674:  DECF   33,F
0676:  BTFSC  FD8.2
0678:  BRA    068C
067A:  CLRF   19
067C:  BTFSC  FF2.7
067E:  BSF    19.7
0680:  BCF    FF2.7
0682:  SETF   43
0684:  RCALL  0242
0686:  BTFSC  19.7
0688:  BSF    FF2.7
068A:  BRA    0674
068C:  CLRF   19
068E:  BTFSC  FF2.7
0690:  BSF    19.7
0692:  BCF    FF2.7
0694:  MOVFF  2F,43
0698:  RCALL  0242
069A:  BTFSC  19.7
069C:  BSF    FF2.7
....................    Output_low(pin_E0); 
069E:  BCF    F96.0
06A0:  BCF    F8D.0
06A2:  CLRF   19
06A4:  BTFSC  FF2.7
06A6:  BSF    19.7
06A8:  BCF    FF2.7
....................    printf(lcd_putc,"\f"); 
06AA:  MOVLW  0C
06AC:  MOVWF  42
06AE:  RCALL  026A
06B0:  BTFSC  19.7
06B2:  BSF    FF2.7
06B4:  GOTO   08C8 (RETURN)
.................... } 
.................... void izq(recorrer){ 
*
0730:  CLRF   19
0732:  BTFSC  FF2.7
0734:  BSF    19.7
0736:  BCF    FF2.7
....................    lcd_gotoxy(9,1); 
0738:  MOVLW  09
073A:  MOVWF  43
073C:  MOVLW  01
073E:  MOVWF  44
0740:  RCALL  01F8
0742:  BTFSC  19.7
0744:  BSF    FF2.7
....................    printf(lcd_putc,"bajando"); 
0746:  MOVLW  E8
0748:  MOVWF  FF6
074A:  MOVLW  03
074C:  MOVWF  FF7
074E:  CLRF   19
0750:  BTFSC  FF2.7
0752:  BSF    19.7
0754:  BCF    FF2.7
0756:  RCALL  0390
0758:  BTFSC  19.7
075A:  BSF    FF2.7
....................    Output_high(pin_E1); 
075C:  BCF    F96.1
075E:  BSF    F8D.1
....................    delay_ms(recorrer*t); 
0760:  CLRF   32
0762:  CLRF   31
0764:  CLRF   30
0766:  MOVFF  2E,2F
076A:  MOVFF  1D,36
076E:  MOVFF  1C,35
0772:  MOVFF  1B,34
0776:  MOVFF  1A,33
077A:  RCALL  05BE
077C:  MOVFF  03,32
0780:  MOVFF  02,31
0784:  MOVFF  01,30
0788:  MOVFF  00,2F
078C:  MOVFF  01,33
0790:  INCF   33,F
0792:  DECF   33,F
0794:  BTFSC  FD8.2
0796:  BRA    07AA
0798:  CLRF   19
079A:  BTFSC  FF2.7
079C:  BSF    19.7
079E:  BCF    FF2.7
07A0:  SETF   43
07A2:  RCALL  0242
07A4:  BTFSC  19.7
07A6:  BSF    FF2.7
07A8:  BRA    0792
07AA:  CLRF   19
07AC:  BTFSC  FF2.7
07AE:  BSF    19.7
07B0:  BCF    FF2.7
07B2:  MOVFF  2F,43
07B6:  RCALL  0242
07B8:  BTFSC  19.7
07BA:  BSF    FF2.7
....................    output_low(pin_E1); 
07BC:  BCF    F96.1
07BE:  BCF    F8D.1
07C0:  CLRF   19
07C2:  BTFSC  FF2.7
07C4:  BSF    19.7
07C6:  BCF    FF2.7
....................    printf(lcd_putc,"\f"); 
07C8:  MOVLW  0C
07CA:  MOVWF  42
07CC:  RCALL  026A
07CE:  BTFSC  19.7
07D0:  BSF    FF2.7
07D2:  GOTO   091E (RETURN)
.................... } 
.................... void main(){ 
07D6:  CLRF   FF8
07D8:  BCF    FD0.7
07DA:  BSF    07.7
07DC:  MOVLW  60
07DE:  MOVWF  FD3
07E0:  MOVF   FD3,W
07E2:  CLRF   1D
07E4:  CLRF   1C
07E6:  MOVLW  03
07E8:  MOVWF  1B
07EA:  MOVLW  E8
07EC:  MOVWF  1A
07EE:  CLRF   21
07F0:  CLRF   20
07F2:  MOVLW  13
07F4:  MOVWF  1F
07F6:  MOVLW  88
07F8:  MOVWF  1E
07FA:  MOVLW  01
07FC:  MOVWF  22
07FE:  CLRF   24
0800:  CLRF   23
0802:  MOVLW  01
0804:  MOVWF  25
0806:  CLRF   26
0808:  CLRF   27
080A:  CLRF   28
080C:  CLRF   29
080E:  CLRF   2A
0810:  BSF    2B.0
0812:  BCF    2B.1
0814:  CLRF   2D
0816:  CLRF   2C
0818:  MOVF   FC1,W
081A:  ANDLW  C0
081C:  IORLW  0F
081E:  MOVWF  FC1
0820:  MOVLW  07
0822:  MOVWF  FB4
....................    set_tris_A(0xff); 
0824:  MOVLW  FF
0826:  MOVWF  F92
....................    set_tris_B(0xff); 
0828:  MOVWF  F93
....................    set_tris_C(0xff); 
082A:  MOVWF  F94
....................    set_tris_D(0x00); 
082C:  MOVLW  00
082E:  MOVWF  F95
....................    set_tris_E(0x00); 
0830:  MOVWF  F96
....................    lcd_Init(); 
0832:  BRA    0408
....................    setup_timer_0(RTCC_INTERNAL | T0_DIV_256 ); 
0834:  MOVLW  87
0836:  MOVWF  FD5
....................    set_timer0(57724); 
0838:  MOVLW  E1
083A:  MOVWF  FD7
083C:  MOVLW  7C
083E:  MOVWF  FD6
....................    Enable_Interrupts(Int_TIMER0); 
0840:  BSF    FF2.5
....................    Enable_Interrupts(Int_Ext); 
0842:  BSF    FF2.4
....................    Enable_Interrupts(Global); 
0844:  MOVLW  C0
0846:  IORWF  FF2,F
....................    Ext_Int_Edge(0, L_TO_H); 
0848:  BSF    FF1.6
084A:  CLRF   19
084C:  BTFSC  FF2.7
084E:  BSF    19.7
0850:  BCF    FF2.7
....................    lcd_gotoxy(1,1); 
0852:  MOVLW  01
0854:  MOVWF  43
0856:  MOVWF  44
0858:  RCALL  01F8
085A:  BTFSC  19.7
085C:  BSF    FF2.7
....................    printf(lcd_putc,"Piso %i",cont); 
085E:  MOVLW  F0
0860:  MOVWF  FF6
0862:  MOVLW  03
0864:  MOVWF  FF7
0866:  CLRF   19
0868:  BTFSC  FF2.7
086A:  BSF    19.7
086C:  BCF    FF2.7
086E:  MOVLW  05
0870:  MOVWF  3F
0872:  RCALL  0320
0874:  BTFSC  19.7
0876:  BSF    FF2.7
0878:  MOVFF  22,2E
087C:  MOVLW  18
087E:  MOVWF  2F
0880:  RCALL  04CC
....................    while(Start){ 
0882:  BTFSS  2B.0
0884:  BRA    0960
....................       if(input(pin_C0)==1){ 
0886:  BSF    F94.0
0888:  BTFSS  F82.0
088A:  BRA    0892
....................          Cro=true; 
088C:  BSF    2B.1
....................          cont=1; 
088E:  MOVLW  01
0890:  MOVWF  22
....................       } 
....................       if(input(pin_C1)==1){ 
0892:  BSF    F94.1
0894:  BTFSS  F82.1
0896:  BRA    089E
....................          Cro=true; 
0898:  BSF    2B.1
....................          cont=2; 
089A:  MOVLW  02
089C:  MOVWF  22
....................       } 
....................       if(input(pin_C2)==1){ 
089E:  BSF    F94.2
08A0:  BTFSS  F82.2
08A2:  BRA    08AA
....................          Cro=true; 
08A4:  BSF    2B.1
....................          cont=3; 
08A6:  MOVLW  03
08A8:  MOVWF  22
....................       } 
....................       if(input(pin_C4)==1){ 
08AA:  BSF    F94.4
08AC:  BTFSS  F82.4
08AE:  BRA    08B6
....................          Cro=true; 
08B0:  BSF    2B.1
....................          cont=4; 
08B2:  MOVLW  04
08B4:  MOVWF  22
....................       } 
....................       while(cont>actual){ 
08B6:  MOVF   22,W
08B8:  SUBWF  25,W
08BA:  BC    0908
....................          recorrer=cont-actual; 
08BC:  MOVF   25,W
08BE:  SUBWF  22,W
08C0:  MOVWF  26
....................          der(recorrer); 
08C2:  MOVFF  26,2E
08C6:  BRA    0612
08C8:  CLRF   19
08CA:  BTFSC  FF2.7
08CC:  BSF    19.7
08CE:  BCF    FF2.7
....................          lcd_gotoxy(1,1); 
08D0:  MOVLW  01
08D2:  MOVWF  43
08D4:  MOVWF  44
08D6:  RCALL  01F8
08D8:  BTFSC  19.7
08DA:  BSF    FF2.7
....................          printf(lcd_putc,"Piso %i",cont); 
08DC:  MOVLW  F8
08DE:  MOVWF  FF6
08E0:  MOVLW  03
08E2:  MOVWF  FF7
08E4:  CLRF   19
08E6:  BTFSC  FF2.7
08E8:  BSF    19.7
08EA:  BCF    FF2.7
08EC:  MOVLW  05
08EE:  MOVWF  3F
08F0:  RCALL  0320
08F2:  BTFSC  19.7
08F4:  BSF    FF2.7
08F6:  MOVFF  22,2E
08FA:  MOVLW  18
08FC:  MOVWF  2F
08FE:  RCALL  04CC
....................          puerta(); 
0900:  RCALL  06B8
....................          actual=cont; 
0902:  MOVFF  22,25
0906:  BRA    08B6
....................       } 
....................       while(cont<actual){ 
0908:  MOVF   25,W
090A:  SUBWF  22,W
090C:  BC    095E
....................          recorrer=-cont+actual; 
090E:  MOVLW  00
0910:  BSF    FD8.0
0912:  SUBFWB 22,W
0914:  ADDWF  25,W
0916:  MOVWF  26
....................          izq(recorrer); 
0918:  MOVFF  26,2E
091C:  BRA    0730
091E:  CLRF   19
0920:  BTFSC  FF2.7
0922:  BSF    19.7
0924:  BCF    FF2.7
....................          lcd_gotoxy(1,1); 
0926:  MOVLW  01
0928:  MOVWF  43
092A:  MOVWF  44
092C:  RCALL  01F8
092E:  BTFSC  19.7
0930:  BSF    FF2.7
....................          printf(lcd_putc,"Piso %i",cont); 
0932:  MOVLW  00
0934:  MOVWF  FF6
0936:  MOVLW  04
0938:  MOVWF  FF7
093A:  CLRF   19
093C:  BTFSC  FF2.7
093E:  BSF    19.7
0940:  BCF    FF2.7
0942:  MOVLW  05
0944:  MOVWF  3F
0946:  RCALL  0320
0948:  BTFSC  19.7
094A:  BSF    FF2.7
094C:  MOVFF  22,2E
0950:  MOVLW  18
0952:  MOVWF  2F
0954:  RCALL  04CC
....................          puerta(); 
0956:  RCALL  06B8
....................          actual=cont;          
0958:  MOVFF  22,25
095C:  BRA    0908
....................       } 
095E:  BRA    0882
....................    } 
.................... } 
0960:  SLEEP 

Configuration Fuses:
   Word  1: C027   PLL12 CPUDIV1 USBDIV XT FCMEN IESO
   Word  2: 1E3E   PUT BROWNOUT BORV21 VREGEN NOWDT WDT32768
   Word  3: 8700   CCP2C1 PBADEN LPT1OSC MCLR
   Word  4: 00A1   STVREN NOLVP ICSP2 NOXINST NODEBUG
   Word  5: C00F   NOPROTECT NOCPB NOCPD
   Word  6: E00F   NOWRT NOWRTC NOWRTB NOWRTD
   Word  7: 400F   NOEBTR NOEBTRB
