CCS PCH C Compiler, Version 5.076, 56587               23-ago.-22 02:08

               Filename:   C:\Users\La Economia\Documentos\ProyectoMaquinas\CSS-PROYECTO\main.lst

               ROM used:   2762 bytes (8%)
                           Largest free fragment is 30002
               RAM used:   49 (2%) at main() level
                           79 (4%) worst case
               Stack used: 13 locations (6 in main + 7 for interrupts)
               Stack size: 31

*
0000:  GOTO   0930
*
0008:  MOVWF  04
000A:  MOVFF  FD8,05
000E:  MOVFF  FE0,06
0012:  MOVLB  0
0014:  MOVFF  FE9,0C
0018:  MOVFF  FEA,07
001C:  MOVFF  FE1,08
0020:  MOVFF  FE2,09
0024:  MOVFF  FD9,0A
0028:  MOVFF  FDA,0B
002C:  MOVFF  FF3,12
0030:  MOVFF  FF4,13
0034:  MOVFF  FFA,14
0038:  MOVFF  FF5,15
003C:  MOVFF  FF6,16
0040:  MOVFF  FF7,17
0044:  MOVFF  00,0E
0048:  MOVFF  01,0F
004C:  MOVFF  02,10
0050:  MOVFF  03,11
0054:  BTFSS  FF2.5
0056:  GOTO   0060
005A:  BTFSC  FF2.2
005C:  GOTO   044C
0060:  BTFSS  FF2.4
0062:  GOTO   006C
0066:  BTFSC  FF2.1
0068:  GOTO   04BE
006C:  BTFSS  FF2.3
006E:  GOTO   0078
0072:  BTFSC  FF2.0
0074:  GOTO   00EE
0078:  MOVFF  0E,00
007C:  MOVFF  0F,01
0080:  MOVFF  10,02
0084:  MOVFF  11,03
0088:  MOVFF  0C,FE9
008C:  MOVFF  07,FEA
0090:  BSF    07.7
0092:  MOVFF  08,FE1
0096:  MOVFF  09,FE2
009A:  MOVFF  0A,FD9
009E:  MOVFF  0B,FDA
00A2:  MOVFF  12,FF3
00A6:  MOVFF  13,FF4
00AA:  MOVFF  14,FFA
00AE:  MOVFF  15,FF5
00B2:  MOVFF  16,FF6
00B6:  MOVFF  17,FF7
00BA:  MOVF   04,W
00BC:  MOVFF  06,FE0
00C0:  MOVFF  05,FD8
00C4:  RETFIE 0
.................... #include <main.h> 
.................... #include <18F4550.h> 
.................... //////////// Standard Header file for the PIC18F4550 device //////////////// 
.................... /////////////////////////////////////////////////////////////////////////// 
.................... ////        (C) Copyright 1996, 2014 Custom Computer Services          //// 
.................... //// This source code may only be used by licensed users of the CCS C  //// 
.................... //// compiler.  This source code may only be distributed to other      //// 
.................... //// licensed users of the CCS C compiler.  No other use, reproduction //// 
.................... //// or distribution is permitted without written permission.          //// 
.................... //// Derivative programs created using this software in object code    //// 
.................... //// form are not restricted in any way.                               //// 
.................... /////////////////////////////////////////////////////////////////////////// 
.................... #device PIC18F4550 
*
0350:  MOVF   44,W
0352:  CLRF   01
0354:  SUBWF  43,W
0356:  BC    035E
0358:  MOVFF  43,00
035C:  BRA    0376
035E:  CLRF   00
0360:  MOVLW  08
0362:  MOVWF  45
0364:  RLCF   43,F
0366:  RLCF   00,F
0368:  MOVF   44,W
036A:  SUBWF  00,W
036C:  BTFSC  FD8.0
036E:  MOVWF  00
0370:  RLCF   01,F
0372:  DECFSZ 45,F
0374:  BRA    0364
0376:  RETURN 0
*
03C8:  MOVF   01,W
03CA:  MOVFF  41,43
03CE:  MOVLW  64
03D0:  MOVWF  44
03D2:  RCALL  0350
03D4:  MOVFF  00,41
03D8:  MOVF   01,W
03DA:  MOVLW  30
03DC:  BNZ   03EC
03DE:  BTFSS  42.1
03E0:  BRA    03FA
03E2:  BTFSC  42.3
03E4:  BRA    03FA
03E6:  BTFSC  42.4
03E8:  MOVLW  20
03EA:  BRA    03F2
03EC:  BCF    42.3
03EE:  BCF    42.4
03F0:  BSF    42.0
03F2:  ADDWF  01,F
03F4:  MOVFF  01,44
03F8:  RCALL  0378
03FA:  MOVFF  41,43
03FE:  MOVLW  0A
0400:  MOVWF  44
0402:  RCALL  0350
0404:  MOVFF  00,41
0408:  MOVF   01,W
040A:  MOVLW  30
040C:  BNZ   041A
040E:  BTFSC  42.3
0410:  BRA    0422
0412:  BTFSS  42.0
0414:  BRA    0422
0416:  BTFSC  42.4
0418:  MOVLW  20
041A:  ADDWF  01,F
041C:  MOVFF  01,44
0420:  RCALL  0378
0422:  MOVLW  30
0424:  ADDWF  41,F
0426:  MOVFF  41,44
042A:  RCALL  0378
042C:  RETURN 0
042E:  TBLRD*+
0430:  MOVFF  FF6,42
0434:  MOVFF  FF7,43
0438:  MOVFF  FF5,44
043C:  RCALL  0378
043E:  MOVFF  42,FF6
0442:  MOVFF  43,FF7
0446:  DECFSZ 41,F
0448:  BRA    042E
044A:  RETURN 0
*
0494:  DATA 25,32
0496:  DATA 75,20
0498:  DATA 3A,20
049A:  DATA 25,32
049C:  DATA 75,00
049E:  TBLRD*+
04A0:  MOVF   FF5,F
04A2:  BZ    04BC
04A4:  MOVFF  FF6,41
04A8:  MOVFF  FF7,42
04AC:  MOVFF  FF5,44
04B0:  RCALL  0378
04B2:  MOVFF  41,FF6
04B6:  MOVFF  42,FF7
04BA:  BRA    049E
04BC:  RETURN 0
*
04E0:  DATA 45,4D
04E2:  DATA 45,52
04E4:  DATA 47,45
04E6:  DATA 4E,43
04E8:  DATA 49,41
04EA:  DATA 00,00
04EC:  DATA 73,75
04EE:  DATA 62,69
04F0:  DATA 65,6E
04F2:  DATA 64,6F
04F4:  DATA 00,00
04F6:  DATA 62,61
04F8:  DATA 6A,61
04FA:  DATA 6E,64
04FC:  DATA 6F,00
04FE:  DATA 50,69
0500:  DATA 73,6F
0502:  DATA 20,25
0504:  DATA 69,00
0506:  DATA 50,69
0508:  DATA 73,6F
050A:  DATA 20,25
050C:  DATA 69,00
050E:  DATA 50,69
0510:  DATA 73,6F
0512:  DATA 20,25
0514:  DATA 69,00
*
05DA:  MOVLW  20
05DC:  BTFSS  31.4
05DE:  MOVLW  30
05E0:  MOVWF  32
05E2:  MOVFF  30,00
05E6:  BTFSS  30.7
05E8:  BRA    05FA
05EA:  COMF   00,F
05EC:  INCF   00,F
05EE:  MOVFF  00,30
05F2:  MOVLW  2D
05F4:  MOVWF  32
05F6:  BSF    31.7
05F8:  BSF    31.0
05FA:  MOVF   01,W
05FC:  CLRF   19
05FE:  BTFSC  FF2.7
0600:  BSF    19.7
0602:  BCF    FF2.7
0604:  MOVFF  30,43
0608:  MOVLW  64
060A:  MOVWF  44
060C:  RCALL  0350
060E:  BTFSC  19.7
0610:  BSF    FF2.7
0612:  MOVFF  00,30
0616:  MOVLW  30
0618:  ADDWF  01,W
061A:  MOVWF  33
061C:  CLRF   19
061E:  BTFSC  FF2.7
0620:  BSF    19.7
0622:  BCF    FF2.7
0624:  MOVFF  30,43
0628:  MOVLW  0A
062A:  MOVWF  44
062C:  RCALL  0350
062E:  BTFSC  19.7
0630:  BSF    FF2.7
0632:  MOVLW  30
0634:  ADDWF  00,W
0636:  MOVWF  35
0638:  MOVLW  30
063A:  ADDWF  01,W
063C:  MOVWF  34
063E:  MOVFF  32,00
0642:  MOVLW  30
0644:  SUBWF  33,W
0646:  BZ    0650
0648:  BSF    31.1
064A:  BTFSC  31.7
064C:  BSF    31.2
064E:  BRA    0674
0650:  MOVFF  32,33
0654:  MOVLW  20
0656:  MOVWF  32
0658:  MOVLW  30
065A:  SUBWF  34,W
065C:  BZ    0666
065E:  BSF    31.0
0660:  BTFSC  31.7
0662:  BSF    31.1
0664:  BRA    0674
0666:  BTFSS  FD8.2
0668:  BSF    31.0
066A:  BNZ   0674
066C:  MOVFF  33,34
0670:  MOVLW  20
0672:  MOVWF  33
0674:  BTFSC  31.2
0676:  BRA    0682
0678:  BTFSC  31.1
067A:  BRA    0694
067C:  BTFSC  31.0
067E:  BRA    06A6
0680:  BRA    06B8
0682:  CLRF   19
0684:  BTFSC  FF2.7
0686:  BSF    19.7
0688:  BCF    FF2.7
068A:  MOVFF  32,44
068E:  RCALL  0378
0690:  BTFSC  19.7
0692:  BSF    FF2.7
0694:  CLRF   19
0696:  BTFSC  FF2.7
0698:  BSF    19.7
069A:  BCF    FF2.7
069C:  MOVFF  33,44
06A0:  RCALL  0378
06A2:  BTFSC  19.7
06A4:  BSF    FF2.7
06A6:  CLRF   19
06A8:  BTFSC  FF2.7
06AA:  BSF    19.7
06AC:  BCF    FF2.7
06AE:  MOVFF  34,44
06B2:  RCALL  0378
06B4:  BTFSC  19.7
06B6:  BSF    FF2.7
06B8:  CLRF   19
06BA:  BTFSC  FF2.7
06BC:  BSF    19.7
06BE:  BCF    FF2.7
06C0:  MOVFF  35,44
06C4:  RCALL  0378
06C6:  BTFSC  19.7
06C8:  BSF    FF2.7
06CA:  RETURN 0
*
0714:  CLRF   39
0716:  CLRF   3A
0718:  MOVLW  01
071A:  MOVWF  3B
071C:  CLRF   FDA
071E:  CLRF   FD9
0720:  CLRF   3E
0722:  MOVLW  31
0724:  MOVWF  3D
0726:  CLRF   FEA
0728:  MOVLW  35
072A:  MOVWF  FE9
072C:  MOVFF  3E,FE2
0730:  MOVFF  3D,FE1
0734:  MOVFF  3B,3C
0738:  BCF    FD8.0
073A:  MOVF   FE5,W
073C:  MULWF  FEE
073E:  MOVF   FF3,W
0740:  ADDWFC 39,F
0742:  MOVF   FF4,W
0744:  ADDWFC 3A,F
0746:  DECFSZ 3C,F
0748:  BRA    0738
074A:  MOVFF  39,FDE
074E:  MOVFF  3A,39
0752:  CLRF   3A
0754:  BTFSC  FD8.0
0756:  INCF   3A,F
0758:  INCF   3D,F
075A:  BTFSC  FD8.2
075C:  INCF   3E,F
075E:  INCF   3B,F
0760:  MOVF   3B,W
0762:  SUBLW  05
0764:  BNZ   0726
0766:  RETURN 0
....................  
.................... #list 
....................  
.................... #device ADC=10 
....................  
.................... #FUSES NOWDT                 	//No Watch Dog Timer 
....................  
.................... #use delay(internal=4MHz) 
....................  
....................  
.................... #include <18F4550.h> 
.................... //////////// Standard Header file for the PIC18F4550 device //////////////// 
.................... /////////////////////////////////////////////////////////////////////////// 
.................... ////        (C) Copyright 1996, 2014 Custom Computer Services          //// 
.................... //// This source code may only be used by licensed users of the CCS C  //// 
.................... //// compiler.  This source code may only be distributed to other      //// 
.................... //// licensed users of the CCS C compiler.  No other use, reproduction //// 
.................... //// or distribution is permitted without written permission.          //// 
.................... //// Derivative programs created using this software in object code    //// 
.................... //// form are not restricted in any way.                               //// 
.................... /////////////////////////////////////////////////////////////////////////// 
.................... #device PIC18F4550 
....................  
.................... #list 
....................  
.................... #Fuses xt,nowdt,noprotect,cpudiv1 
.................... #Use Delay (Clock= 4 MHz) 
*
00C6:  CLRF   FEA
00C8:  MOVLW  45
00CA:  MOVWF  FE9
00CC:  MOVF   FEF,W
00CE:  BZ    00EC
00D0:  MOVLW  01
00D2:  MOVWF  01
00D4:  CLRF   00
00D6:  DECFSZ 00,F
00D8:  BRA    00D6
00DA:  DECFSZ 01,F
00DC:  BRA    00D4
00DE:  MOVLW  4A
00E0:  MOVWF  00
00E2:  DECFSZ 00,F
00E4:  BRA    00E2
00E6:  BRA    00E8
00E8:  DECFSZ FEF,F
00EA:  BRA    00D0
00EC:  RETURN 0
.................... #define LCD_ENABLE_PIN PIN_D2 
.................... #define LCD_RS_PIN PIN_D0 
.................... #define LCD_RW_PIN PIN_D1 
.................... #define LCD_DATA4 PIN_D4 
.................... #define LCD_DATA5 PIN_D5 
.................... #define LCD_DATA6 PIN_D6 
.................... #define LCD_DATA7 PIN_D7 
.................... #include <lcd.c> 
.................... /////////////////////////////////////////////////////////////////////////////// 
.................... ////                             LCD.C                                     //// 
.................... ////                 Driver for common LCD modules                         //// 
.................... ////                                                                       //// 
.................... ////  lcd_init()   Must be called before any other function.               //// 
.................... ////                                                                       //// 
.................... ////  lcd_putc(c)  Will display c on the next position of the LCD.         //// 
.................... ////                 \a  Set cursor position to upper left                 //// 
.................... ////                 \f  Clear display, set cursor to upper left           //// 
.................... ////                 \n  Go to start of second line                        //// 
.................... ////                 \b  Move back one position                            //// 
.................... ////              If LCD_EXTENDED_NEWLINE is defined, the \n character     //// 
.................... ////              will erase all remanining characters on the current      //// 
.................... ////              line, and move the cursor to the beginning of the next   //// 
.................... ////              line.                                                    //// 
.................... ////              If LCD_EXTENDED_NEWLINE is defined, the \r character     //// 
.................... ////              will move the cursor to the start of the current         //// 
.................... ////              line.                                                    //// 
.................... ////                                                                       //// 
.................... ////  lcd_gotoxy(x,y) Set write position on LCD (upper left is 1,1)        //// 
.................... ////                                                                       //// 
.................... ////  lcd_getc(x,y)   Returns character at position x,y on LCD             //// 
.................... ////                                                                       //// 
.................... ////  lcd_cursor_on(int1 on)   Turn the cursor on (on=TRUE) or off         //// 
.................... ////              (on=FALSE).                                              //// 
.................... ////                                                                       //// 
.................... ////  lcd_set_cgram_char(w, *p)   Write a custom character to the CGRAM.   //// 
.................... ////                                                                       //// 
.................... ////                                                                       //// 
.................... ////  CONFIGURATION                                                        //// 
.................... ////  The LCD can be configured in one of two ways: a.) port access or     //// 
.................... ////  b.) pin access.  Port access requires the entire 7 bit interface     //// 
.................... ////  connected to one GPIO port, and the data bits (D4:D7 of the LCD)     //// 
.................... ////  connected to sequential pins on the GPIO.  Pin access                //// 
.................... ////  has no requirements, all 7 bits of the control interface can         //// 
.................... ////  can be connected to any GPIO using several ports.                    //// 
.................... ////                                                                       //// 
.................... ////  To use port access, #define LCD_DATA_PORT to the SFR location of     //// 
.................... ////  of the GPIO port that holds the interface, -AND- edit LCD_PIN_MAP    //// 
.................... ////  of this file to configure the pin order.  If you are using a         //// 
.................... ////  baseline PIC (PCB), then LCD_OUTPUT_MAP and LCD_INPUT_MAP also must  //// 
.................... ////  be defined.                                                          //// 
.................... ////                                                                       //// 
.................... ////  Example of port access:                                              //// 
.................... ////     #define LCD_DATA_PORT getenv("SFR:PORTD")                         //// 
.................... ////                                                                       //// 
.................... ////  To use pin access, the following pins must be defined:               //// 
.................... ////     LCD_ENABLE_PIN                                                    //// 
.................... ////     LCD_RS_PIN                                                        //// 
.................... ////     LCD_RW_PIN                                                        //// 
.................... ////     LCD_DATA4                                                         //// 
.................... ////     LCD_DATA5                                                         //// 
.................... ////     LCD_DATA6                                                         //// 
.................... ////     LCD_DATA7                                                         //// 
.................... ////                                                                       //// 
.................... ////  Example of pin access:                                               //// 
.................... ////     #define LCD_ENABLE_PIN  PIN_E0                                    //// 
.................... ////     #define LCD_RS_PIN      PIN_E1                                    //// 
.................... ////     #define LCD_RW_PIN      PIN_E2                                    //// 
.................... ////     #define LCD_DATA4       PIN_D4                                    //// 
.................... ////     #define LCD_DATA5       PIN_D5                                    //// 
.................... ////     #define LCD_DATA6       PIN_D6                                    //// 
.................... ////     #define LCD_DATA7       PIN_D7                                    //// 
.................... ////                                                                       //// 
.................... /////////////////////////////////////////////////////////////////////////////// 
.................... ////        (C) Copyright 1996,2010 Custom Computer Services           //// 
.................... //// This source code may only be used by licensed users of the CCS C  //// 
.................... //// compiler.  This source code may only be distributed to other      //// 
.................... //// licensed users of the CCS C compiler.  No other use, reproduction //// 
.................... //// or distribution is permitted without written permission.          //// 
.................... //// Derivative programs created using this software in object code    //// 
.................... //// form are not restricted in any way.                               //// 
.................... /////////////////////////////////////////////////////////////////////////// 
....................  
.................... #ifndef __LCD_C__ 
.................... #define __LCD_C__ 
....................  
.................... // define the pinout. 
.................... // only required if port access is being used. 
.................... typedef struct   
.................... {                            // This structure is overlayed 
....................    int1 enable;           // on to an I/O port to gain 
....................    int1 rs;               // access to the LCD pins. 
....................    int1 rw;               // The bits are allocated from 
....................    int1 unused;           // low order up.  ENABLE will 
....................    unsigned int     data : 4;         // be LSB pin of that port. 
....................   #if defined(__PCD__)       // The port used will be LCD_DATA_PORT. 
....................    unsigned int    reserved: 8; 
....................   #endif 
.................... } LCD_PIN_MAP; 
....................  
.................... // this is to improve compatability with previous LCD drivers that accepted 
.................... // a define labeled 'use_portb_lcd' that configured the LCD onto port B. 
.................... #if ((defined(use_portb_lcd)) && (use_portb_lcd==TRUE)) 
....................  #define LCD_DATA_PORT getenv("SFR:PORTB") 
.................... #endif 
....................  
.................... #if defined(__PCB__) 
....................    // these definitions only need to be modified for baseline PICs. 
....................    // all other PICs use LCD_PIN_MAP or individual LCD_xxx pin definitions. 
.................... /*                                    EN, RS,   RW,   UNUSED,  DATA  */ 
....................  const LCD_PIN_MAP LCD_OUTPUT_MAP =  {0,  0,    0,    0,       0}; 
....................  const LCD_PIN_MAP LCD_INPUT_MAP =   {0,  0,    0,    0,       0xF}; 
.................... #endif 
....................  
.................... ////////////////////// END CONFIGURATION /////////////////////////////////// 
....................  
.................... #ifndef LCD_ENABLE_PIN 
....................    #define lcd_output_enable(x) lcdlat.enable=x 
....................    #define lcd_enable_tris()   lcdtris.enable=0 
.................... #else 
....................    #define lcd_output_enable(x) output_bit(LCD_ENABLE_PIN, x) 
....................    #define lcd_enable_tris()  output_drive(LCD_ENABLE_PIN) 
.................... #endif 
....................  
.................... #ifndef LCD_RS_PIN 
....................    #define lcd_output_rs(x) lcdlat.rs=x 
....................    #define lcd_rs_tris()   lcdtris.rs=0 
.................... #else 
....................    #define lcd_output_rs(x) output_bit(LCD_RS_PIN, x) 
....................    #define lcd_rs_tris()  output_drive(LCD_RS_PIN) 
.................... #endif 
....................  
.................... #ifndef LCD_RW_PIN 
....................    #define lcd_output_rw(x) lcdlat.rw=x 
....................    #define lcd_rw_tris()   lcdtris.rw=0 
.................... #else 
....................    #define lcd_output_rw(x) output_bit(LCD_RW_PIN, x) 
....................    #define lcd_rw_tris()  output_drive(LCD_RW_PIN) 
.................... #endif 
....................  
.................... // original version of this library incorrectly labeled LCD_DATA0 as LCD_DATA4, 
.................... // LCD_DATA1 as LCD_DATA5, and so on.  this block of code makes the driver 
.................... // compatible with any code written for the original library 
.................... #if (defined(LCD_DATA0) && defined(LCD_DATA1) && defined(LCD_DATA2) && defined(LCD_DATA3) && !defined(LCD_DATA4) && !defined(LCD_DATA5) && !defined(LCD_DATA6) && !defined(LCD_DATA7)) 
....................    #define  LCD_DATA4    LCD_DATA0 
....................    #define  LCD_DATA5    LCD_DATA1 
....................    #define  LCD_DATA6    LCD_DATA2 
....................    #define  LCD_DATA7    LCD_DATA3 
.................... #endif 
....................  
.................... #ifndef LCD_DATA4 
.................... #ifndef LCD_DATA_PORT 
....................    #if defined(__PCB__) 
....................       #define LCD_DATA_PORT      0x06     //portb 
....................       #define set_tris_lcd(x)   set_tris_b(x) 
....................    #else 
....................      #if defined(PIN_D0) 
....................       #define LCD_DATA_PORT      getenv("SFR:PORTD")     //portd 
....................      #else 
....................       #define LCD_DATA_PORT      getenv("SFR:PORTB")     //portb 
....................      #endif 
....................    #endif    
.................... #endif 
....................  
.................... #if defined(__PCB__) 
....................    LCD_PIN_MAP lcd, lcdlat; 
....................    #byte lcd = LCD_DATA_PORT 
....................    #byte lcdlat = LCD_DATA_PORT 
.................... #elif defined(__PCM__) 
....................    LCD_PIN_MAP lcd, lcdlat, lcdtris; 
....................    #byte lcd = LCD_DATA_PORT 
....................    #byte lcdlat = LCD_DATA_PORT 
....................    #byte lcdtris = LCD_DATA_PORT+0x80 
.................... #elif defined(__PCH__) 
....................    LCD_PIN_MAP lcd, lcdlat, lcdtris; 
....................    #byte lcd = LCD_DATA_PORT 
....................    #byte lcdlat = LCD_DATA_PORT+9 
....................    #byte lcdtris = LCD_DATA_PORT+0x12 
.................... #elif defined(__PCD__) 
....................    LCD_PIN_MAP lcd, lcdlat, lcdtris; 
....................    #word lcd = LCD_DATA_PORT 
....................    #word lcdlat = LCD_DATA_PORT+2 
....................    #word lcdtris = LCD_DATA_PORT-0x02 
.................... #endif 
.................... #endif   //LCD_DATA4 not defined 
....................  
.................... #ifndef LCD_TYPE 
....................    #define LCD_TYPE 2           // 0=5x7, 1=5x10, 2=2 lines 
.................... #endif 
....................  
.................... #ifndef LCD_LINE_TWO 
....................    #define LCD_LINE_TWO 0x40    // LCD RAM address for the second line 
.................... #endif 
....................  
.................... #ifndef LCD_LINE_LENGTH 
....................    #define LCD_LINE_LENGTH 20 
.................... #endif 
....................  
.................... unsigned int8 lcd_read_nibble(void); 
....................  
.................... unsigned int8 lcd_read_byte(void) 
.................... { 
....................    unsigned int8 low,high; 
....................  
....................  #if defined(__PCB__) 
....................    set_tris_lcd(LCD_INPUT_MAP); 
....................  #else 
....................   #if (defined(LCD_DATA4) && defined(LCD_DATA5) && defined(LCD_DATA6) && defined(LCD_DATA7)) 
....................    output_float(LCD_DATA4); 
*
0262:  BSF    F95.4
....................    output_float(LCD_DATA5); 
0264:  BSF    F95.5
....................    output_float(LCD_DATA6); 
0266:  BSF    F95.6
....................    output_float(LCD_DATA7); 
0268:  BSF    F95.7
....................   #else 
....................    lcdtris.data = 0xF; 
....................   #endif 
....................  #endif 
....................          
....................    lcd_output_rw(1); 
026A:  BSF    F8C.1
026C:  BCF    F95.1
....................    delay_cycles(1); 
026E:  NOP   
....................    lcd_output_enable(1); 
0270:  BSF    F8C.2
0272:  BCF    F95.2
....................    delay_cycles(1); 
0274:  NOP   
....................    high = lcd_read_nibble(); 
0276:  RCALL  0210
0278:  MOVFF  01,4C
....................        
....................    lcd_output_enable(0); 
027C:  BCF    F8C.2
027E:  BCF    F95.2
....................    delay_cycles(1); 
0280:  NOP   
....................    lcd_output_enable(1); 
0282:  BSF    F8C.2
0284:  BCF    F95.2
....................    delay_us(1); 
0286:  NOP   
....................    low = lcd_read_nibble(); 
0288:  RCALL  0210
028A:  MOVFF  01,4B
....................        
....................    lcd_output_enable(0); 
028E:  BCF    F8C.2
0290:  BCF    F95.2
....................  
....................  #if defined(__PCB__) 
....................    set_tris_lcd(LCD_OUTPUT_MAP); 
....................  #else 
....................   #if (defined(LCD_DATA4) && defined(LCD_DATA5) && defined(LCD_DATA6) && defined(LCD_DATA7)) 
....................    output_drive(LCD_DATA4); 
0292:  BCF    F95.4
....................    output_drive(LCD_DATA5); 
0294:  BCF    F95.5
....................    output_drive(LCD_DATA6); 
0296:  BCF    F95.6
....................    output_drive(LCD_DATA7); 
0298:  BCF    F95.7
....................   #else 
....................    lcdtris.data = 0x0; 
....................   #endif 
....................  #endif 
....................  
....................    return( (high<<4) | low); 
029A:  SWAPF  4C,W
029C:  MOVWF  00
029E:  MOVLW  F0
02A0:  ANDWF  00,F
02A2:  MOVF   00,W
02A4:  IORWF  4B,W
02A6:  MOVWF  01
02A8:  RETURN 0
.................... } 
....................  
.................... unsigned int8 lcd_read_nibble(void) 
.................... { 
....................   #if (defined(LCD_DATA4) && defined(LCD_DATA5) && defined(LCD_DATA6) && defined(LCD_DATA7)) 
*
0210:  CLRF   4D
....................    unsigned int8 n = 0x00; 
....................  
....................    /* Read the data port */ 
....................    n |= input(LCD_DATA4); 
0212:  BSF    F95.4
0214:  MOVLW  00
0216:  BTFSC  F83.4
0218:  MOVLW  01
021A:  IORWF  4D,F
....................    n |= input(LCD_DATA5) << 1; 
021C:  BSF    F95.5
021E:  MOVLW  00
0220:  BTFSC  F83.5
0222:  MOVLW  01
0224:  MOVWF  00
0226:  BCF    FD8.0
0228:  RLCF   00,F
022A:  MOVF   00,W
022C:  IORWF  4D,F
....................    n |= input(LCD_DATA6) << 2; 
022E:  BSF    F95.6
0230:  MOVLW  00
0232:  BTFSC  F83.6
0234:  MOVLW  01
0236:  MOVWF  00
0238:  RLCF   00,F
023A:  RLCF   00,F
023C:  MOVLW  FC
023E:  ANDWF  00,F
0240:  MOVF   00,W
0242:  IORWF  4D,F
....................    n |= input(LCD_DATA7) << 3; 
0244:  BSF    F95.7
0246:  MOVLW  00
0248:  BTFSC  F83.7
024A:  MOVLW  01
024C:  MOVWF  00
024E:  RLCF   00,F
0250:  RLCF   00,F
0252:  RLCF   00,F
0254:  MOVLW  F8
0256:  ANDWF  00,F
0258:  MOVF   00,W
025A:  IORWF  4D,F
....................     
....................    return(n); 
025C:  MOVFF  4D,01
....................   #else 
0260:  RETURN 0
....................    return(lcd.data); 
....................   #endif 
.................... } 
....................  
.................... void lcd_send_nibble(unsigned int8 n) 
.................... { 
....................   #if (defined(LCD_DATA4) && defined(LCD_DATA5) && defined(LCD_DATA6) && defined(LCD_DATA7)) 
....................    /* Write to the data port */ 
....................    output_bit(LCD_DATA4, bit_test(n, 0)); 
*
02AA:  BTFSC  4C.0
02AC:  BRA    02B2
02AE:  BCF    F8C.4
02B0:  BRA    02B4
02B2:  BSF    F8C.4
02B4:  BCF    F95.4
....................    output_bit(LCD_DATA5, bit_test(n, 1)); 
02B6:  BTFSC  4C.1
02B8:  BRA    02BE
02BA:  BCF    F8C.5
02BC:  BRA    02C0
02BE:  BSF    F8C.5
02C0:  BCF    F95.5
....................    output_bit(LCD_DATA6, bit_test(n, 2)); 
02C2:  BTFSC  4C.2
02C4:  BRA    02CA
02C6:  BCF    F8C.6
02C8:  BRA    02CC
02CA:  BSF    F8C.6
02CC:  BCF    F95.6
....................    output_bit(LCD_DATA7, bit_test(n, 3)); 
02CE:  BTFSC  4C.3
02D0:  BRA    02D6
02D2:  BCF    F8C.7
02D4:  BRA    02D8
02D6:  BSF    F8C.7
02D8:  BCF    F95.7
....................   #else       
....................    lcdlat.data = n; 
....................   #endif 
....................        
....................    delay_cycles(1); 
02DA:  NOP   
....................    lcd_output_enable(1); 
02DC:  BSF    F8C.2
02DE:  BCF    F95.2
....................    delay_us(2); 
02E0:  BRA    02E2
....................    lcd_output_enable(0); 
02E2:  BCF    F8C.2
02E4:  BCF    F95.2
02E6:  RETURN 0
.................... } 
....................  
.................... void lcd_send_byte(unsigned int8 address, unsigned int8 n) 
.................... { 
....................   #if defined(__PCB__) 
....................    set_tris_lcd(LCD_OUTPUT_MAP); 
....................   #else 
....................    lcd_enable_tris(); 
02E8:  BCF    F95.2
....................    lcd_rs_tris(); 
02EA:  BCF    F95.0
....................    lcd_rw_tris(); 
02EC:  BCF    F95.1
....................   #endif 
....................  
....................    lcd_output_rs(0); 
02EE:  BCF    F8C.0
02F0:  BCF    F95.0
....................    while ( bit_test(lcd_read_byte(),7) ) ; 
02F2:  RCALL  0262
02F4:  MOVFF  01,4B
02F8:  BTFSC  01.7
02FA:  BRA    02F2
....................    lcd_output_rs(address); 
02FC:  MOVF   49,F
02FE:  BNZ   0304
0300:  BCF    F8C.0
0302:  BRA    0306
0304:  BSF    F8C.0
0306:  BCF    F95.0
....................    delay_cycles(1); 
0308:  NOP   
....................    lcd_output_rw(0); 
030A:  BCF    F8C.1
030C:  BCF    F95.1
....................    delay_cycles(1); 
030E:  NOP   
....................    lcd_output_enable(0); 
0310:  BCF    F8C.2
0312:  BCF    F95.2
....................    lcd_send_nibble(n >> 4); 
0314:  SWAPF  4A,W
0316:  MOVWF  4B
0318:  MOVLW  0F
031A:  ANDWF  4B,F
031C:  MOVFF  4B,4C
0320:  RCALL  02AA
....................    lcd_send_nibble(n & 0xf); 
0322:  MOVF   4A,W
0324:  ANDLW  0F
0326:  MOVWF  4B
0328:  MOVWF  4C
032A:  RCALL  02AA
032C:  RETURN 0
.................... } 
....................  
.................... #if defined(LCD_EXTENDED_NEWLINE) 
.................... unsigned int8 g_LcdX, g_LcdY; 
.................... #endif 
....................  
.................... void lcd_init(void)  
.................... { 
....................    unsigned int8 i; 
....................    unsigned int8 LCD_INIT_STRING[4] = {0x20 | (LCD_TYPE << 2), 0xc, 1, 6}; 
*
0516:  MOVLW  28
0518:  MOVWF  31
051A:  MOVLW  0C
051C:  MOVWF  32
051E:  MOVLW  01
0520:  MOVWF  33
0522:  MOVLW  06
0524:  MOVWF  34
....................                              // These bytes need to be sent to the LCD 
....................                              // to start it up. 
....................     
....................  
....................    lcd_output_enable(0); 
0526:  BCF    F8C.2
0528:  BCF    F95.2
....................    lcd_output_rs(0); 
052A:  BCF    F8C.0
052C:  BCF    F95.0
....................    lcd_output_rw(0); 
052E:  BCF    F8C.1
0530:  BCF    F95.1
....................  
....................  #if defined(__PCB__) 
....................    set_tris_lcd(LCD_OUTPUT_MAP); 
....................  #else 
....................   #if (defined(LCD_DATA4) && defined(LCD_DATA5) && defined(LCD_DATA6) && defined(LCD_DATA7)) 
....................    output_drive(LCD_DATA4); 
0532:  BCF    F95.4
....................    output_drive(LCD_DATA5); 
0534:  BCF    F95.5
....................    output_drive(LCD_DATA6); 
0536:  BCF    F95.6
....................    output_drive(LCD_DATA7); 
0538:  BCF    F95.7
....................   #else 
....................    lcdtris.data = 0x0; 
....................   #endif 
....................    lcd_enable_tris(); 
053A:  BCF    F95.2
....................    lcd_rs_tris(); 
053C:  BCF    F95.0
....................    lcd_rw_tris(); 
053E:  BCF    F95.1
0540:  CLRF   19
0542:  BTFSC  FF2.7
0544:  BSF    19.7
0546:  BCF    FF2.7
....................  #endif 
....................      
....................    delay_ms(15); 
0548:  MOVLW  0F
054A:  MOVWF  45
054C:  RCALL  00C6
054E:  BTFSC  19.7
0550:  BSF    FF2.7
....................    for(i=1;i<=3;++i) 
0552:  MOVLW  01
0554:  MOVWF  30
0556:  MOVF   30,W
0558:  SUBLW  03
055A:  BNC   0584
055C:  CLRF   19
055E:  BTFSC  FF2.7
0560:  BSF    19.7
0562:  BCF    FF2.7
....................    { 
....................        lcd_send_nibble(3); 
0564:  MOVLW  03
0566:  MOVWF  4C
0568:  RCALL  02AA
056A:  BTFSC  19.7
056C:  BSF    FF2.7
056E:  CLRF   19
0570:  BTFSC  FF2.7
0572:  BSF    19.7
0574:  BCF    FF2.7
....................        delay_ms(5); 
0576:  MOVLW  05
0578:  MOVWF  45
057A:  RCALL  00C6
057C:  BTFSC  19.7
057E:  BSF    FF2.7
0580:  INCF   30,F
0582:  BRA    0556
0584:  CLRF   19
0586:  BTFSC  FF2.7
0588:  BSF    19.7
058A:  BCF    FF2.7
....................    } 
....................     
....................    lcd_send_nibble(2); 
058C:  MOVLW  02
058E:  MOVWF  4C
0590:  RCALL  02AA
0592:  BTFSC  19.7
0594:  BSF    FF2.7
0596:  CLRF   19
0598:  BTFSC  FF2.7
059A:  BSF    19.7
059C:  BCF    FF2.7
....................    delay_ms(5); 
059E:  MOVLW  05
05A0:  MOVWF  45
05A2:  RCALL  00C6
05A4:  BTFSC  19.7
05A6:  BSF    FF2.7
....................    for(i=0;i<=3;++i) 
05A8:  CLRF   30
05AA:  MOVF   30,W
05AC:  SUBLW  03
05AE:  BNC   05D6
....................       lcd_send_byte(0,LCD_INIT_STRING[i]); 
05B0:  CLRF   03
05B2:  MOVF   30,W
05B4:  ADDLW  31
05B6:  MOVWF  FE9
05B8:  MOVLW  00
05BA:  ADDWFC 03,W
05BC:  MOVWF  FEA
05BE:  MOVFF  FEF,4A
05C2:  CLRF   19
05C4:  BTFSC  FF2.7
05C6:  BSF    19.7
05C8:  BCF    FF2.7
05CA:  CLRF   49
05CC:  RCALL  02E8
05CE:  BTFSC  19.7
05D0:  BSF    FF2.7
....................  
....................   #if defined(LCD_EXTENDED_NEWLINE) 
05D2:  INCF   30,F
05D4:  BRA    05AA
05D6:  GOTO   098E (RETURN)
....................    g_LcdX = 0; 
....................    g_LcdY = 0; 
....................   #endif 
.................... } 
....................  
.................... void lcd_gotoxy(unsigned int8 x, unsigned int8 y) 
.................... { 
....................    unsigned int8 address; 
....................     
....................    if(y!=1) 
*
032E:  DECFSZ 46,W
0330:  BRA    0334
0332:  BRA    033A
....................       address=LCD_LINE_TWO; 
0334:  MOVLW  40
0336:  MOVWF  47
0338:  BRA    033C
....................    else 
....................       address=0; 
033A:  CLRF   47
....................       
....................    address+=x-1; 
033C:  MOVLW  01
033E:  SUBWF  45,W
0340:  ADDWF  47,F
....................    lcd_send_byte(0,0x80|address); 
0342:  MOVF   47,W
0344:  IORLW  80
0346:  MOVWF  48
0348:  CLRF   49
034A:  MOVWF  4A
034C:  RCALL  02E8
....................  
....................   #if defined(LCD_EXTENDED_NEWLINE) 
034E:  RETURN 0
....................    g_LcdX = x - 1; 
....................    g_LcdY = y - 1; 
....................   #endif 
.................... } 
....................  
.................... void lcd_putc(char c) 
.................... { 
....................    switch (c) 
*
0378:  MOVF   44,W
037A:  XORLW  07
037C:  BZ    038C
037E:  XORLW  0B
0380:  BZ    0396
0382:  XORLW  06
0384:  BZ    03A6
0386:  XORLW  02
0388:  BZ    03B2
038A:  BRA    03BC
....................    { 
....................       case '\a'   :  lcd_gotoxy(1,1);     break; 
038C:  MOVLW  01
038E:  MOVWF  45
0390:  MOVWF  46
0392:  RCALL  032E
0394:  BRA    03C6
....................  
....................       case '\f'   :  lcd_send_byte(0,1); 
0396:  CLRF   49
0398:  MOVLW  01
039A:  MOVWF  4A
039C:  RCALL  02E8
....................                      delay_ms(2); 
039E:  MOVLW  02
03A0:  MOVWF  45
03A2:  RCALL  00C6
....................                     #if defined(LCD_EXTENDED_NEWLINE) 
....................                      g_LcdX = 0; 
....................                      g_LcdY = 0; 
....................                     #endif 
....................                      break; 
03A4:  BRA    03C6
....................  
....................      #if defined(LCD_EXTENDED_NEWLINE) 
....................       case '\r'   :  lcd_gotoxy(1, g_LcdY+1);   break; 
....................       case '\n'   : 
....................          while (g_LcdX++ < LCD_LINE_LENGTH) 
....................          { 
....................             lcd_send_byte(1, ' '); 
....................          } 
....................          lcd_gotoxy(1, g_LcdY+2); 
....................          break; 
....................      #else 
....................       case '\n'   : lcd_gotoxy(1,2);        break; 
03A6:  MOVLW  01
03A8:  MOVWF  45
03AA:  MOVLW  02
03AC:  MOVWF  46
03AE:  RCALL  032E
03B0:  BRA    03C6
....................      #endif 
....................       
....................       case '\b'   : lcd_send_byte(0,0x10);  break; 
03B2:  CLRF   49
03B4:  MOVLW  10
03B6:  MOVWF  4A
03B8:  RCALL  02E8
03BA:  BRA    03C6
....................       
....................      #if defined(LCD_EXTENDED_NEWLINE) 
....................       default     :  
....................          if (g_LcdX < LCD_LINE_LENGTH) 
....................          { 
....................             lcd_send_byte(1, c); 
....................             g_LcdX++; 
....................          } 
....................          break; 
....................      #else 
....................       default     : lcd_send_byte(1,c);     break; 
03BC:  MOVLW  01
03BE:  MOVWF  49
03C0:  MOVFF  44,4A
03C4:  RCALL  02E8
....................      #endif 
....................    } 
03C6:  RETURN 0
.................... } 
....................   
.................... char lcd_getc(unsigned int8 x, unsigned int8 y) 
.................... { 
....................    char value; 
....................  
....................    lcd_gotoxy(x,y); 
....................    while ( bit_test(lcd_read_byte(),7) ); // wait until busy flag is low 
....................    lcd_output_rs(1); 
....................    value = lcd_read_byte(); 
....................    lcd_output_rs(0); 
....................     
....................    return(value); 
.................... } 
....................  
.................... // write a custom character to the ram 
.................... // which is 0-7 and specifies which character array we are modifying. 
.................... // ptr points to an array of 8 bytes, where each byte is the next row of 
.................... //    pixels.  only bits 0-4 are used.  the last row is the cursor row, and 
.................... //    usually you will want to leave this byte 0x00. 
.................... void lcd_set_cgram_char(unsigned int8 which, unsigned int8 *ptr) 
.................... { 
....................    unsigned int i; 
....................  
....................    which <<= 3; 
....................    which &= 0x38; 
....................  
....................    lcd_send_byte(0, 0x40 | which);  //set cgram address 
....................  
....................    for(i=0; i<8; i++) 
....................    { 
....................       lcd_send_byte(1, *ptr++); 
....................    } 
....................    
....................    #if defined(LCD_EXTENDED_NEWLINE) 
....................     lcd_gotoxy(g_LcdX+1, g_LcdY+1);  //set ddram address 
....................    #endif 
.................... } 
....................  
.................... void lcd_cursor_on(int1 on) 
.................... { 
....................    if (on) 
....................    { 
....................       lcd_send_byte(0,0x0F);           //turn LCD cursor ON 
....................    } 
....................    else 
....................    { 
....................       lcd_send_byte(0,0x0C);           //turn LCD cursor OFF 
....................    } 
.................... } 
....................  
.................... #endif 
....................  
....................  
.................... unsigned int16 analogo; 
....................  
.................... int32 t=1000; 
.................... int32 tp=5000; 
.................... int cont=1; 
.................... int16 iterador=0; 
.................... int actual=1; 
.................... int recorrer=0,minutoR=0,segundoR=0; 
.................... int tiempo=0,minuto=0; 
.................... boolean Start=true,Cro=false; 
....................  
.................... #int_RB 
.................... void rb_isr(){ 
....................    if (input(pin_c4)==1){ 
*
00EE:  BSF    F94.4
00F0:  BTFSS  F82.4
00F2:  BRA    011A
....................       set_pwm1_duty(analogo); 
00F4:  MOVFF  1B,02
00F8:  MOVFF  1A,01
00FC:  RRCF   02,F
00FE:  RRCF   01,F
0100:  RRCF   02,F
0102:  RRCF   01,F
0104:  RRCF   02,F
0106:  MOVFF  01,FBE
010A:  RRCF   02,F
010C:  RRCF   02,W
010E:  ANDLW  30
0110:  MOVWF  00
0112:  MOVF   FBD,W
0114:  ANDLW  CF
0116:  IORWF  00,W
0118:  MOVWF  FBD
....................    } 
....................    if (input(pin_c5)==1){ 
011A:  BSF    F94.5
011C:  BTFSS  F82.5
011E:  BRA    0146
....................       set_pwm1_duty(analogo); 
0120:  MOVFF  1B,02
0124:  MOVFF  1A,01
0128:  RRCF   02,F
012A:  RRCF   01,F
012C:  RRCF   02,F
012E:  RRCF   01,F
0130:  RRCF   02,F
0132:  MOVFF  01,FBE
0136:  RRCF   02,F
0138:  RRCF   02,W
013A:  ANDLW  30
013C:  MOVWF  00
013E:  MOVF   FBD,W
0140:  ANDLW  CF
0142:  IORWF  00,W
0144:  MOVWF  FBD
....................    }    
....................    if(input(pin_C4)==0){ 
0146:  BSF    F94.4
0148:  BTFSC  F82.4
014A:  BRA    0186
....................       if(input(pin_B4)==0){ 
014C:  BSF    F93.4
014E:  BTFSC  F81.4
0150:  BRA    0186
....................          output_low(PIN_B4); 
0152:  BCF    F93.4
0154:  BCF    F8A.4
....................          output_low(PIN_B5); 
0156:  BCF    F93.5
0158:  BCF    F8A.5
....................          output_low(PIN_C4); 
015A:  BCF    F94.4
015C:  BCF    F8B.4
....................          output_low(PIN_C5); 
015E:  BCF    F94.5
0160:  BCF    F8B.5
....................          setup_ccp1(ccp_off); 
0162:  MOVLW  F0
0164:  ANDWF  FBD,F
....................          setup_ccp2(ccp_off); 
0166:  ANDWF  FBA,F
....................          output_low(PIN_C1); 
0168:  BCF    F94.1
016A:  BCF    F8B.1
....................          output_low(PIN_C2); 
016C:  BCF    F94.2
016E:  BCF    F8B.2
....................          delay_ms(10); 
0170:  MOVLW  0A
0172:  MOVWF  45
0174:  RCALL  00C6
....................          setup_ccp1(ccp_pwm); 
0176:  BCF    F94.2
0178:  BCF    F8B.2
017A:  MOVLW  0C
017C:  MOVWF  FBD
017E:  CLRF   FB7
0180:  CLRF   FB6
....................          output_high(PIN_C4); 
0182:  BCF    F94.4
0184:  BSF    F8B.4
....................       } 
....................    } 
....................    if(input(pin_C5)==0){ 
0186:  BSF    F94.5
0188:  BTFSC  F82.5
018A:  BRA    01C8
....................       if(input(pin_B5)==0){ 
018C:  BSF    F93.5
018E:  BTFSC  F81.5
0190:  BRA    01C6
....................             output_low(PIN_B4); 
0192:  BCF    F93.4
0194:  BCF    F8A.4
....................             output_low(PIN_B5); 
0196:  BCF    F93.5
0198:  BCF    F8A.5
....................             output_low(PIN_C4); 
019A:  BCF    F94.4
019C:  BCF    F8B.4
....................             output_low(PIN_C5); 
019E:  BCF    F94.5
01A0:  BCF    F8B.5
....................             setup_ccp1(ccp_off); 
01A2:  MOVLW  F0
01A4:  ANDWF  FBD,F
....................             setup_ccp2(ccp_off); 
01A6:  ANDWF  FBA,F
....................             output_low(PIN_C1); 
01A8:  BCF    F94.1
01AA:  BCF    F8B.1
....................             output_low(PIN_C2); 
01AC:  BCF    F94.2
01AE:  BCF    F8B.2
....................             delay_ms(10); 
01B0:  MOVLW  0A
01B2:  MOVWF  45
01B4:  RCALL  00C6
....................             setup_ccp2(ccp_pwm); 
01B6:  BCF    F94.1
01B8:  BCF    F8B.1
01BA:  MOVLW  0C
01BC:  MOVWF  FBA
....................             output_high(PIN_C4); 
01BE:  BCF    F94.4
01C0:  BSF    F8B.4
....................             output_low(PIN_C5); 
01C2:  BCF    F94.5
01C4:  BCF    F8B.5
....................          } 
....................       } 
01C6:  BRA    01EA
....................       else{ 
....................          output_low(PIN_B4); 
01C8:  BCF    F93.4
01CA:  BCF    F8A.4
....................             setup_ccp1(ccp_off); 
01CC:  MOVLW  F0
01CE:  ANDWF  FBD,F
....................             setup_ccp2(ccp_off);  
01D0:  ANDWF  FBA,F
....................             output_low(PIN_B4); 
01D2:  BCF    F93.4
01D4:  BCF    F8A.4
....................             output_low(PIN_B5); 
01D6:  BCF    F93.5
01D8:  BCF    F8A.5
....................             output_low(PIN_C4); 
01DA:  BCF    F94.4
01DC:  BCF    F8B.4
....................             output_low(PIN_C5); 
01DE:  BCF    F94.5
01E0:  BCF    F8B.5
....................             output_low(PIN_C1); 
01E2:  BCF    F94.1
01E4:  BCF    F8B.1
....................             output_low(PIN_C2); 
01E6:  BCF    F94.2
01E8:  BCF    F8B.2
....................       }     
01EA:  BCF    FF2.0
01EC:  GOTO   0078
....................    } 
....................     
....................  
.................... void Configuracion(){ 
....................    setup_adc(ADC_CLOCK_DIV_32); 
*
06CC:  MOVF   FC0,W
06CE:  ANDLW  C0
06D0:  IORLW  02
06D2:  MOVWF  FC0
06D4:  BSF    FC0.7
06D6:  BSF    FC2.0
....................    setup_adc_ports(AN0); 
06D8:  MOVF   FC1,W
06DA:  ANDLW  C0
06DC:  IORLW  0E
06DE:  MOVWF  FC1
....................    set_adc_channel(0); 
06E0:  MOVLW  00
06E2:  MOVWF  01
06E4:  MOVF   FC2,W
06E6:  ANDLW  C3
06E8:  IORWF  01,W
06EA:  MOVWF  FC2
....................    setup_timer_2(T2_DIV_BY_16,127,1); 
06EC:  MOVLW  00
06EE:  IORLW  06
06F0:  MOVWF  FCA
06F2:  MOVLW  7F
06F4:  MOVWF  FCB
....................    delay_ms(500); 
06F6:  MOVLW  02
06F8:  MOVWF  30
06FA:  CLRF   19
06FC:  BTFSC  FF2.7
06FE:  BSF    19.7
0700:  BCF    FF2.7
0702:  MOVLW  FA
0704:  MOVWF  45
0706:  RCALL  00C6
0708:  BTFSC  19.7
070A:  BSF    FF2.7
070C:  DECFSZ 30,F
070E:  BRA    06FA
0710:  GOTO   09E0 (RETURN)
.................... } 
....................  
.................... void Cronometro(){ 
....................    if(Cro==true){ 
*
01F0:  BTFSS  2D.1
01F2:  BRA    0200
....................       tiempo++; 
01F4:  INCF   2B,F
....................       if (tiempo>60){ 
01F6:  MOVF   2B,W
01F8:  SUBLW  3C
01FA:  BC    01FE
....................       minuto++; 
01FC:  INCF   2C,F
....................       } 
....................    }else{ 
01FE:  BRA    020C
....................       minutoR=minuto+minutoR; 
0200:  MOVF   2C,W
0202:  ADDWF  29,F
....................       segundoR=tiempo+segundoR; 
0204:  MOVF   2B,W
0206:  ADDWF  2A,F
....................       tiempo=0; 
0208:  CLRF   2B
....................       minuto=0; 
020A:  CLRF   2C
....................    } 
020C:  GOTO   0452 (RETURN)
.................... } 
....................  
.................... #int_timer0 
.................... void timer0(){ 
....................    output_toggle(PIN_E2); 
*
044C:  BCF    F96.2
044E:  BTG    F8D.2
....................    Cronometro(); 
0450:  BRA    01F0
....................    lcd_gotoxy(1,2); 
0452:  MOVLW  01
0454:  MOVWF  45
0456:  MOVLW  02
0458:  MOVWF  46
045A:  RCALL  032E
....................    printf(lcd_putc,"%2u : %2u",minutoR,segundoR); 
045C:  MOVFF  29,41
0460:  MOVLW  11
0462:  MOVWF  42
0464:  RCALL  03C8
0466:  MOVLW  97
0468:  MOVWF  FF6
046A:  MOVLW  04
046C:  MOVWF  FF7
046E:  MOVLW  03
0470:  MOVWF  41
0472:  RCALL  042E
0474:  MOVFF  2A,41
0478:  MOVLW  11
047A:  MOVWF  42
047C:  RCALL  03C8
....................    lcd_gotoxy(1,1); 
047E:  MOVLW  01
0480:  MOVWF  45
0482:  MOVWF  46
0484:  RCALL  032E
....................    set_timer0(57724); 
0486:  MOVLW  E1
0488:  MOVWF  FD7
048A:  MOVLW  7C
048C:  MOVWF  FD6
.................... } 
....................  
....................  
048E:  BCF    FF2.2
0490:  GOTO   0078
.................... #Int_Ext 
.................... void Emergencia(){ 
....................    lcd_gotoxy(1,1); 
*
04BE:  MOVLW  01
04C0:  MOVWF  45
04C2:  MOVWF  46
04C4:  RCALL  032E
....................    printf(lcd_putc,"EMERGENCIA"); 
04C6:  MOVLW  E0
04C8:  MOVWF  FF6
04CA:  MOVLW  04
04CC:  MOVWF  FF7
04CE:  RCALL  049E
....................    Start=false; 
04D0:  BCF    2D.0
....................    Output_low(pin_E1); 
04D2:  BCF    F96.1
04D4:  BCF    F8D.1
....................    Output_low(pin_E0); 
04D6:  BCF    F96.0
04D8:  BCF    F8D.0
04DA:  BCF    FF2.1
04DC:  GOTO   0078
.................... } 
.................... void puerta(){ 
....................    Output_low(pin_E7); 
*
080E:  BCF    F96.7
0810:  BCF    F8D.7
....................    Output_high(pin_B6); 
0812:  BCF    F93.6
0814:  BSF    F8A.6
....................    delay_ms(tp); 
0816:  MOVFF  21,30
081A:  INCF   30,F
081C:  DECF   30,F
081E:  BTFSC  FD8.2
0820:  BRA    0834
0822:  CLRF   19
0824:  BTFSC  FF2.7
0826:  BSF    19.7
0828:  BCF    FF2.7
082A:  SETF   45
082C:  RCALL  00C6
082E:  BTFSC  19.7
0830:  BSF    FF2.7
0832:  BRA    081C
0834:  CLRF   19
0836:  BTFSC  FF2.7
0838:  BSF    19.7
083A:  BCF    FF2.7
083C:  MOVFF  20,45
0840:  RCALL  00C6
0842:  BTFSC  19.7
0844:  BSF    FF2.7
....................    Output_low(pin_B6); 
0846:  BCF    F93.6
0848:  BCF    F8A.6
....................    Output_high(pin_B7); 
084A:  BCF    F93.7
084C:  BSF    F8A.7
....................    delay_ms(tp); 
084E:  MOVFF  21,30
0852:  INCF   30,F
0854:  DECF   30,F
0856:  BTFSC  FD8.2
0858:  BRA    086C
085A:  CLRF   19
085C:  BTFSC  FF2.7
085E:  BSF    19.7
0860:  BCF    FF2.7
0862:  SETF   45
0864:  RCALL  00C6
0866:  BTFSC  19.7
0868:  BSF    FF2.7
086A:  BRA    0854
086C:  CLRF   19
086E:  BTFSC  FF2.7
0870:  BSF    19.7
0872:  BCF    FF2.7
0874:  MOVFF  20,45
0878:  RCALL  00C6
087A:  BTFSC  19.7
087C:  BSF    FF2.7
....................    Output_low(pin_B7); 
087E:  BCF    F93.7
0880:  BCF    F8A.7
....................    Cro=false; 
0882:  BCF    2D.1
0884:  RETURN 0
.................... } 
.................... void der(recorrer){ 
*
0768:  CLRF   19
076A:  BTFSC  FF2.7
076C:  BSF    19.7
076E:  BCF    FF2.7
....................    lcd_gotoxy(9,1); 
0770:  MOVLW  09
0772:  MOVWF  45
0774:  MOVLW  01
0776:  MOVWF  46
0778:  RCALL  032E
077A:  BTFSC  19.7
077C:  BSF    FF2.7
....................    printf(lcd_putc,"subiendo"); 
077E:  MOVLW  EC
0780:  MOVWF  FF6
0782:  MOVLW  04
0784:  MOVWF  FF7
0786:  CLRF   19
0788:  BTFSC  FF2.7
078A:  BSF    19.7
078C:  BCF    FF2.7
078E:  RCALL  049E
0790:  BTFSC  19.7
0792:  BSF    FF2.7
....................    output_high(pin_C1); 
0794:  BCF    F94.1
0796:  BSF    F8B.1
....................    delay_ms(recorrer*t); 
0798:  CLRF   34
079A:  CLRF   33
079C:  CLRF   32
079E:  MOVFF  30,31
07A2:  MOVFF  1F,38
07A6:  MOVFF  1E,37
07AA:  MOVFF  1D,36
07AE:  MOVFF  1C,35
07B2:  RCALL  0714
07B4:  MOVFF  03,34
07B8:  MOVFF  02,33
07BC:  MOVFF  01,32
07C0:  MOVFF  00,31
07C4:  MOVFF  01,35
07C8:  INCF   35,F
07CA:  DECF   35,F
07CC:  BTFSC  FD8.2
07CE:  BRA    07E2
07D0:  CLRF   19
07D2:  BTFSC  FF2.7
07D4:  BSF    19.7
07D6:  BCF    FF2.7
07D8:  SETF   45
07DA:  RCALL  00C6
07DC:  BTFSC  19.7
07DE:  BSF    FF2.7
07E0:  BRA    07CA
07E2:  CLRF   19
07E4:  BTFSC  FF2.7
07E6:  BSF    19.7
07E8:  BCF    FF2.7
07EA:  MOVFF  31,45
07EE:  RCALL  00C6
07F0:  BTFSC  19.7
07F2:  BSF    FF2.7
....................    Output_low(pin_C2); 
07F4:  BCF    F94.2
07F6:  BCF    F8B.2
07F8:  CLRF   19
07FA:  BTFSC  FF2.7
07FC:  BSF    19.7
07FE:  BCF    FF2.7
....................    printf(lcd_putc,"\f"); 
0800:  MOVLW  0C
0802:  MOVWF  44
0804:  RCALL  0378
0806:  BTFSC  19.7
0808:  BSF    FF2.7
080A:  GOTO   0A34 (RETURN)
.................... } 
.................... void izq(recorrer){ 
*
0886:  CLRF   19
0888:  BTFSC  FF2.7
088A:  BSF    19.7
088C:  BCF    FF2.7
....................    lcd_gotoxy(9,1); 
088E:  MOVLW  09
0890:  MOVWF  45
0892:  MOVLW  01
0894:  MOVWF  46
0896:  RCALL  032E
0898:  BTFSC  19.7
089A:  BSF    FF2.7
....................    printf(lcd_putc,"bajando"); 
089C:  MOVLW  F6
089E:  MOVWF  FF6
08A0:  MOVLW  04
08A2:  MOVWF  FF7
08A4:  CLRF   19
08A6:  BTFSC  FF2.7
08A8:  BSF    19.7
08AA:  BCF    FF2.7
08AC:  RCALL  049E
08AE:  BTFSC  19.7
08B0:  BSF    FF2.7
....................    Output_high(pin_C1); 
08B2:  BCF    F94.1
08B4:  BSF    F8B.1
....................    delay_ms(recorrer*t); 
08B6:  CLRF   34
08B8:  CLRF   33
08BA:  CLRF   32
08BC:  MOVFF  30,31
08C0:  MOVFF  1F,38
08C4:  MOVFF  1E,37
08C8:  MOVFF  1D,36
08CC:  MOVFF  1C,35
08D0:  RCALL  0714
08D2:  MOVFF  03,34
08D6:  MOVFF  02,33
08DA:  MOVFF  01,32
08DE:  MOVFF  00,31
08E2:  MOVFF  01,35
08E6:  INCF   35,F
08E8:  DECF   35,F
08EA:  BTFSC  FD8.2
08EC:  BRA    0902
08EE:  CLRF   19
08F0:  BTFSC  FF2.7
08F2:  BSF    19.7
08F4:  BCF    FF2.7
08F6:  SETF   45
08F8:  CALL   00C6
08FC:  BTFSC  19.7
08FE:  BSF    FF2.7
0900:  BRA    08E8
0902:  CLRF   19
0904:  BTFSC  FF2.7
0906:  BSF    19.7
0908:  BCF    FF2.7
090A:  MOVFF  31,45
090E:  CALL   00C6
0912:  BTFSC  19.7
0914:  BSF    FF2.7
....................    output_low(pin_C2); 
0916:  BCF    F94.2
0918:  BCF    F8B.2
091A:  CLRF   19
091C:  BTFSC  FF2.7
091E:  BSF    19.7
0920:  BCF    FF2.7
....................    printf(lcd_putc,"\f"); 
0922:  MOVLW  0C
0924:  MOVWF  44
0926:  RCALL  0378
0928:  BTFSC  19.7
092A:  BSF    FF2.7
092C:  GOTO   0A8A (RETURN)
.................... } 
.................... void main(){ 
0930:  CLRF   FF8
0932:  BCF    FD0.7
0934:  BSF    07.7
0936:  MOVLW  60
0938:  MOVWF  FD3
093A:  MOVF   FD3,W
093C:  CLRF   1F
093E:  CLRF   1E
0940:  MOVLW  03
0942:  MOVWF  1D
0944:  MOVLW  E8
0946:  MOVWF  1C
0948:  CLRF   23
094A:  CLRF   22
094C:  MOVLW  13
094E:  MOVWF  21
0950:  MOVLW  88
0952:  MOVWF  20
0954:  MOVLW  01
0956:  MOVWF  24
0958:  CLRF   26
095A:  CLRF   25
095C:  MOVLW  01
095E:  MOVWF  27
0960:  CLRF   28
0962:  CLRF   29
0964:  CLRF   2A
0966:  CLRF   2B
0968:  CLRF   2C
096A:  BSF    2D.0
096C:  BCF    2D.1
096E:  CLRF   2F
0970:  CLRF   2E
0972:  MOVF   FC1,W
0974:  ANDLW  C0
0976:  IORLW  0F
0978:  MOVWF  FC1
097A:  MOVLW  07
097C:  MOVWF  FB4
....................    set_tris_A(0xff); 
097E:  MOVLW  FF
0980:  MOVWF  F92
....................    set_tris_B(0xff); 
0982:  MOVWF  F93
....................    set_tris_C(0x00); 
0984:  MOVLW  00
0986:  MOVWF  F94
....................    set_tris_D(0x00); 
0988:  MOVWF  F95
....................    set_tris_E(0x00); 
098A:  MOVWF  F96
....................    lcd_Init(); 
098C:  BRA    0516
....................    setup_timer_0(RTCC_INTERNAL | T0_DIV_256 ); 
098E:  MOVLW  87
0990:  MOVWF  FD5
....................    set_timer0(57724); 
0992:  MOVLW  E1
0994:  MOVWF  FD7
0996:  MOVLW  7C
0998:  MOVWF  FD6
....................    Enable_Interrupts(Int_TIMER0); 
099A:  BSF    FF2.5
....................    Enable_Interrupts(Int_Ext); 
099C:  BSF    FF2.4
....................    Enable_Interrupts(Global); 
099E:  MOVLW  C0
09A0:  IORWF  FF2,F
....................    Enable_Interrupts(Int_RB); 
09A2:  BSF    FF2.3
....................    Ext_Int_Edge(0, L_TO_H); 
09A4:  BSF    FF1.6
09A6:  CLRF   19
09A8:  BTFSC  FF2.7
09AA:  BSF    19.7
09AC:  BCF    FF2.7
....................    lcd_gotoxy(1,1); 
09AE:  MOVLW  01
09B0:  MOVWF  45
09B2:  MOVWF  46
09B4:  RCALL  032E
09B6:  BTFSC  19.7
09B8:  BSF    FF2.7
....................    printf(lcd_putc,"Piso %i",cont); 
09BA:  MOVLW  FE
09BC:  MOVWF  FF6
09BE:  MOVLW  04
09C0:  MOVWF  FF7
09C2:  CLRF   19
09C4:  BTFSC  FF2.7
09C6:  BSF    19.7
09C8:  BCF    FF2.7
09CA:  MOVLW  05
09CC:  MOVWF  41
09CE:  RCALL  042E
09D0:  BTFSC  19.7
09D2:  BSF    FF2.7
09D4:  MOVFF  24,30
09D8:  MOVLW  18
09DA:  MOVWF  31
09DC:  RCALL  05DA
....................    Configuracion(); 
09DE:  BRA    06CC
....................    while(Start){ 
09E0:  BTFSS  2D.0
09E2:  BRA    0ACC
....................    analogo=read_adc(); 
09E4:  BSF    FC2.1
09E6:  BTFSC  FC2.1
09E8:  BRA    09E6
09EA:  MOVFF  FC3,1A
09EE:  MOVFF  FC4,1B
....................       if(input(pin_A2)==1){ 
09F2:  BSF    F92.2
09F4:  BTFSS  F80.2
09F6:  BRA    09FE
....................          Cro=true; 
09F8:  BSF    2D.1
....................          cont=1; 
09FA:  MOVLW  01
09FC:  MOVWF  24
....................       } 
....................       if(input(pin_A3)==1){ 
09FE:  BSF    F92.3
0A00:  BTFSS  F80.3
0A02:  BRA    0A0A
....................          Cro=true; 
0A04:  BSF    2D.1
....................          cont=2; 
0A06:  MOVLW  02
0A08:  MOVWF  24
....................       } 
....................       if(input(pin_A4)==1){ 
0A0A:  BSF    F92.4
0A0C:  BTFSS  F80.4
0A0E:  BRA    0A16
....................          Cro=true; 
0A10:  BSF    2D.1
....................          cont=3; 
0A12:  MOVLW  03
0A14:  MOVWF  24
....................       } 
....................       if(input(pin_A5)==1){ 
0A16:  BSF    F92.5
0A18:  BTFSS  F80.5
0A1A:  BRA    0A22
....................          Cro=true; 
0A1C:  BSF    2D.1
....................          cont=4; 
0A1E:  MOVLW  04
0A20:  MOVWF  24
....................       } 
....................        
....................       while(cont>actual){ 
0A22:  MOVF   24,W
0A24:  SUBWF  27,W
0A26:  BC    0A74
....................          recorrer=cont-actual;  
0A28:  MOVF   27,W
0A2A:  SUBWF  24,W
0A2C:  MOVWF  28
....................          der(recorrer); 
0A2E:  MOVFF  28,30
0A32:  BRA    0768
0A34:  CLRF   19
0A36:  BTFSC  FF2.7
0A38:  BSF    19.7
0A3A:  BCF    FF2.7
....................          lcd_gotoxy(1,1); 
0A3C:  MOVLW  01
0A3E:  MOVWF  45
0A40:  MOVWF  46
0A42:  RCALL  032E
0A44:  BTFSC  19.7
0A46:  BSF    FF2.7
....................          printf(lcd_putc,"Piso %i",cont); 
0A48:  MOVLW  06
0A4A:  MOVWF  FF6
0A4C:  MOVLW  05
0A4E:  MOVWF  FF7
0A50:  CLRF   19
0A52:  BTFSC  FF2.7
0A54:  BSF    19.7
0A56:  BCF    FF2.7
0A58:  MOVLW  05
0A5A:  MOVWF  41
0A5C:  RCALL  042E
0A5E:  BTFSC  19.7
0A60:  BSF    FF2.7
0A62:  MOVFF  24,30
0A66:  MOVLW  18
0A68:  MOVWF  31
0A6A:  RCALL  05DA
....................          puerta(); 
0A6C:  RCALL  080E
....................          actual=cont; 
0A6E:  MOVFF  24,27
0A72:  BRA    0A22
....................       } 
....................       while(cont<actual){ 
0A74:  MOVF   27,W
0A76:  SUBWF  24,W
0A78:  BC    0ACA
....................          recorrer=-cont+actual; 
0A7A:  MOVLW  00
0A7C:  BSF    FD8.0
0A7E:  SUBFWB 24,W
0A80:  ADDWF  27,W
0A82:  MOVWF  28
....................          izq(recorrer); 
0A84:  MOVFF  28,30
0A88:  BRA    0886
0A8A:  CLRF   19
0A8C:  BTFSC  FF2.7
0A8E:  BSF    19.7
0A90:  BCF    FF2.7
....................          lcd_gotoxy(1,1); 
0A92:  MOVLW  01
0A94:  MOVWF  45
0A96:  MOVWF  46
0A98:  RCALL  032E
0A9A:  BTFSC  19.7
0A9C:  BSF    FF2.7
....................          printf(lcd_putc,"Piso %i",cont); 
0A9E:  MOVLW  0E
0AA0:  MOVWF  FF6
0AA2:  MOVLW  05
0AA4:  MOVWF  FF7
0AA6:  CLRF   19
0AA8:  BTFSC  FF2.7
0AAA:  BSF    19.7
0AAC:  BCF    FF2.7
0AAE:  MOVLW  05
0AB0:  MOVWF  41
0AB2:  RCALL  042E
0AB4:  BTFSC  19.7
0AB6:  BSF    FF2.7
0AB8:  MOVFF  24,30
0ABC:  MOVLW  18
0ABE:  MOVWF  31
0AC0:  RCALL  05DA
....................          puerta(); 
0AC2:  RCALL  080E
....................          actual=cont;          
0AC4:  MOVFF  24,27
0AC8:  BRA    0A74
....................       } 
0ACA:  BRA    09E0
....................    } 
.................... } 
0ACC:  SLEEP 

Configuration Fuses:
   Word  1: C027   PLL12 CPUDIV1 USBDIV XT FCMEN IESO
   Word  2: 1E3E   PUT BROWNOUT BORV21 VREGEN NOWDT WDT32768
   Word  3: 8700   CCP2C1 PBADEN LPT1OSC MCLR
   Word  4: 00A1   STVREN NOLVP ICSP2 NOXINST NODEBUG
   Word  5: C00F   NOPROTECT NOCPB NOCPD
   Word  6: E00F   NOWRT NOWRTC NOWRTB NOWRTD
   Word  7: 400F   NOEBTR NOEBTRB
